Starting a Gradle Daemon, 2 stopped Daemons could not be reused, use --status for details
> Task :gradle-plugin:settings-plugin:checkKotlinGradlePluginConfigurationErrors SKIPPED
> Task :gradle-plugin:shared:checkKotlinGradlePluginConfigurationErrors SKIPPED
> Task :gradle-plugin:shared:compileKotlin UP-TO-DATE
> Task :gradle-plugin:shared:compileJava NO-SOURCE
> Task :gradle-plugin:shared:processResources NO-SOURCE
> Task :gradle-plugin:shared:classes UP-TO-DATE
> Task :gradle-plugin:shared:jar
> Task :gradle-plugin:settings-plugin:compileKotlin UP-TO-DATE
> Task :gradle-plugin:settings-plugin:compileJava NO-SOURCE
> Task :gradle-plugin:settings-plugin:pluginDescriptors UP-TO-DATE
> Task :gradle-plugin:settings-plugin:processResources
> Task :gradle-plugin:settings-plugin:classes
> Task :gradle-plugin:settings-plugin:jar
> Task :gradle-plugin:react-native-gradle-plugin:checkKotlinGradlePluginConfigurationErrors SKIPPED
> Task :gradle-plugin:react-native-gradle-plugin:compileKotlin UP-TO-DATE
> Task :gradle-plugin:react-native-gradle-plugin:compileJava NO-SOURCE
> Task :gradle-plugin:react-native-gradle-plugin:pluginDescriptors UP-TO-DATE
> Task :gradle-plugin:react-native-gradle-plugin:processResources
> Task :gradle-plugin:react-native-gradle-plugin:classes
> Task :gradle-plugin:react-native-gradle-plugin:jar

> Configure project :app
Reading env from: .env

> Configure project :react-native-mmkv
[NitroModules] ? NitroMmkv is boosted by nitro!

> Configure project :react-native-nitro-modules
[NitroModules] ? Your app is boosted by nitro modules!

> Task :app:generateAutolinkingNewArchitectureFiles UP-TO-DATE
> Task :app:generateAutolinkingPackageList UP-TO-DATE
> Task :app:generateCodegenSchemaFromJavaScript
> Task :app:generateCodegenArtifactsFromSchema
> Task :app:generateReactNativeEntryPoint UP-TO-DATE
> Task :lodev09_react-native-true-sheet:generateCodegenSchemaFromJavaScript UP-TO-DATE
> Task :lodev09_react-native-true-sheet:generateCodegenArtifactsFromSchema UP-TO-DATE
> Task :lodev09_react-native-true-sheet:preBuild UP-TO-DATE
> Task :lottie-react-native:generateCodegenSchemaFromJavaScript UP-TO-DATE
> Task :lottie-react-native:generateCodegenArtifactsFromSchema UP-TO-DATE
> Task :lottie-react-native:preBuild UP-TO-DATE
> Task :react-native-async-storage_async-storage:generateCodegenSchemaFromJavaScript UP-TO-DATE
> Task :react-native-async-storage_async-storage:generateCodegenArtifactsFromSchema UP-TO-DATE
> Task :react-native-async-storage_async-storage:preBuild UP-TO-DATE
> Task :react-native-clipboard_clipboard:generateCodegenSchemaFromJavaScript UP-TO-DATE
> Task :react-native-clipboard_clipboard:generateCodegenArtifactsFromSchema UP-TO-DATE
> Task :react-native-clipboard_clipboard:preBuild UP-TO-DATE
> Task :react-native-community_blur:generateCodegenSchemaFromJavaScript UP-TO-DATE
> Task :react-native-community_blur:generateCodegenArtifactsFromSchema UP-TO-DATE
> Task :react-native-community_blur:preBuild UP-TO-DATE
> Task :react-native-community_geolocation:generateCodegenSchemaFromJavaScript UP-TO-DATE
> Task :react-native-community_geolocation:generateCodegenArtifactsFromSchema UP-TO-DATE
> Task :react-native-community_geolocation:preBuild UP-TO-DATE
> Task :react-native-community_slider:generateCodegenSchemaFromJavaScript UP-TO-DATE
> Task :react-native-community_slider:generateCodegenArtifactsFromSchema UP-TO-DATE
> Task :react-native-community_slider:preBuild UP-TO-DATE
> Task :react-native-config:generateCodegenSchemaFromJavaScript UP-TO-DATE
> Task :react-native-config:generateCodegenArtifactsFromSchema UP-TO-DATE
> Task :react-native-config:preBuild UP-TO-DATE
> Task :react-native-documents_picker:generateCodegenSchemaFromJavaScript UP-TO-DATE
> Task :react-native-documents_picker:generateCodegenArtifactsFromSchema UP-TO-DATE
> Task :react-native-documents_picker:preBuild UP-TO-DATE
> Task :react-native-fast-image:preBuild UP-TO-DATE
> Task :react-native-fs:preBuild UP-TO-DATE
> Task :react-native-gesture-handler:generateCodegenSchemaFromJavaScript UP-TO-DATE
> Task :react-native-gesture-handler:generateCodegenArtifactsFromSchema UP-TO-DATE
> Task :react-native-gesture-handler:preBuild UP-TO-DATE
> Task :react-native-google-signin_google-signin:generateCodegenSchemaFromJavaScript UP-TO-DATE
> Task :react-native-google-signin_google-signin:generateCodegenArtifactsFromSchema UP-TO-DATE
> Task :react-native-google-signin_google-signin:preBuild UP-TO-DATE
> Task :react-native-haptic-feedback:generateCodegenSchemaFromJavaScript UP-TO-DATE
> Task :react-native-haptic-feedback:generateCodegenArtifactsFromSchema UP-TO-DATE
> Task :react-native-haptic-feedback:preBuild UP-TO-DATE
> Task :react-native-linear-gradient:preBuild UP-TO-DATE
> Task :react-native-localize:generateCodegenSchemaFromJavaScript UP-TO-DATE
> Task :react-native-localize:generateCodegenArtifactsFromSchema UP-TO-DATE
> Task :react-native-localize:preBuild UP-TO-DATE
> Task :react-native-mmkv:generateCodegenSchemaFromJavaScript UP-TO-DATE
> Task :react-native-mmkv:generateCodegenArtifactsFromSchema UP-TO-DATE
> Task :react-native-mmkv:preBuild UP-TO-DATE
> Task :react-native-nitro-modules:generateCodegenSchemaFromJavaScript UP-TO-DATE
> Task :react-native-nitro-modules:generateCodegenArtifactsFromSchema UP-TO-DATE
> Task :react-native-nitro-modules:prepareHeaders UP-TO-DATE
> Task :react-native-nitro-modules:preBuild UP-TO-DATE
> Task :react-native-orientation-locker:preBuild UP-TO-DATE
> Task :react-native-pager-view:generateCodegenSchemaFromJavaScript UP-TO-DATE
> Task :react-native-pager-view:generateCodegenArtifactsFromSchema UP-TO-DATE
> Task :react-native-pager-view:preBuild UP-TO-DATE
> Task :react-native-reanimated:assertMinimalReactNativeVersionTask
> Task :react-native-reanimated:assertWorkletsVersionTask
> Task :react-native-reanimated:generateCodegenSchemaFromJavaScript UP-TO-DATE
> Task :react-native-reanimated:generateCodegenArtifactsFromSchema UP-TO-DATE
> Task :react-native-reanimated:prepareReanimatedHeadersForPrefabs UP-TO-DATE
> Task :react-native-reanimated:preBuild
> Task :react-native-safe-area-context:generateCodegenSchemaFromJavaScript UP-TO-DATE
> Task :react-native-safe-area-context:generateCodegenArtifactsFromSchema UP-TO-DATE
> Task :react-native-safe-area-context:preBuild UP-TO-DATE
> Task :react-native-screens:generateCodegenSchemaFromJavaScript UP-TO-DATE
> Task :react-native-screens:generateCodegenArtifactsFromSchema UP-TO-DATE
> Task :react-native-screens:preBuild UP-TO-DATE
> Task :react-native-svg:generateCodegenSchemaFromJavaScript UP-TO-DATE
> Task :react-native-svg:generateCodegenArtifactsFromSchema UP-TO-DATE
> Task :react-native-svg:preBuild UP-TO-DATE
> Task :react-native-vector-icons:generateCodegenSchemaFromJavaScript UP-TO-DATE
> Task :react-native-vector-icons:generateCodegenArtifactsFromSchema UP-TO-DATE
> Task :react-native-vector-icons:preBuild UP-TO-DATE
> Task :react-native-worklets:assertMinimalReactNativeVersionTask
> Task :react-native-worklets:generateCodegenSchemaFromJavaScript UP-TO-DATE
> Task :react-native-worklets:generateCodegenArtifactsFromSchema UP-TO-DATE
> Task :react-native-worklets:prepareWorkletsHeadersForPrefabs UP-TO-DATE
> Task :react-native-worklets:preBuild
> Task :app:preBuild
> Task :app:preDebugBuild
> Task :app:mergeDebugNativeDebugMetadata NO-SOURCE
> Task :app:checkKotlinGradlePluginConfigurationErrors SKIPPED
> Task :app:generateDebugBuildConfig UP-TO-DATE
> Task :lodev09_react-native-true-sheet:preDebugBuild UP-TO-DATE
> Task :lodev09_react-native-true-sheet:writeDebugAarMetadata UP-TO-DATE
> Task :lottie-react-native:preDebugBuild UP-TO-DATE
> Task :lottie-react-native:writeDebugAarMetadata UP-TO-DATE
> Task :react-native-async-storage_async-storage:preDebugBuild UP-TO-DATE
> Task :react-native-async-storage_async-storage:writeDebugAarMetadata UP-TO-DATE
> Task :react-native-clipboard_clipboard:preDebugBuild UP-TO-DATE
> Task :react-native-clipboard_clipboard:writeDebugAarMetadata UP-TO-DATE
> Task :react-native-community_blur:preDebugBuild UP-TO-DATE
> Task :react-native-community_blur:writeDebugAarMetadata UP-TO-DATE
> Task :react-native-community_geolocation:preDebugBuild UP-TO-DATE
> Task :react-native-community_geolocation:writeDebugAarMetadata UP-TO-DATE
> Task :react-native-community_slider:preDebugBuild UP-TO-DATE
> Task :react-native-community_slider:writeDebugAarMetadata UP-TO-DATE
> Task :react-native-config:preDebugBuild UP-TO-DATE
> Task :react-native-config:writeDebugAarMetadata UP-TO-DATE
> Task :react-native-documents_picker:preDebugBuild UP-TO-DATE
> Task :react-native-documents_picker:writeDebugAarMetadata UP-TO-DATE
> Task :react-native-fast-image:preDebugBuild UP-TO-DATE
> Task :react-native-fast-image:writeDebugAarMetadata UP-TO-DATE
> Task :react-native-fs:preDebugBuild UP-TO-DATE
> Task :react-native-fs:writeDebugAarMetadata UP-TO-DATE
> Task :react-native-gesture-handler:preDebugBuild UP-TO-DATE
> Task :react-native-gesture-handler:writeDebugAarMetadata UP-TO-DATE
> Task :react-native-google-signin_google-signin:preDebugBuild UP-TO-DATE
> Task :react-native-google-signin_google-signin:writeDebugAarMetadata UP-TO-DATE
> Task :react-native-haptic-feedback:preDebugBuild UP-TO-DATE
> Task :react-native-haptic-feedback:writeDebugAarMetadata UP-TO-DATE
> Task :react-native-linear-gradient:preDebugBuild UP-TO-DATE
> Task :react-native-linear-gradient:writeDebugAarMetadata UP-TO-DATE
> Task :react-native-localize:preDebugBuild UP-TO-DATE
> Task :react-native-localize:writeDebugAarMetadata UP-TO-DATE
> Task :react-native-mmkv:preDebugBuild UP-TO-DATE
> Task :react-native-mmkv:writeDebugAarMetadata UP-TO-DATE
> Task :react-native-nitro-modules:preDebugBuild UP-TO-DATE
> Task :react-native-nitro-modules:writeDebugAarMetadata UP-TO-DATE
> Task :react-native-orientation-locker:preDebugBuild UP-TO-DATE
> Task :react-native-orientation-locker:writeDebugAarMetadata UP-TO-DATE
> Task :react-native-pager-view:preDebugBuild UP-TO-DATE
> Task :react-native-pager-view:writeDebugAarMetadata UP-TO-DATE
> Task :react-native-reanimated:preDebugBuild
> Task :react-native-reanimated:writeDebugAarMetadata UP-TO-DATE
> Task :react-native-safe-area-context:preDebugBuild UP-TO-DATE
> Task :react-native-safe-area-context:writeDebugAarMetadata UP-TO-DATE
> Task :react-native-screens:preDebugBuild UP-TO-DATE
> Task :react-native-screens:writeDebugAarMetadata UP-TO-DATE
> Task :react-native-svg:preDebugBuild UP-TO-DATE
> Task :react-native-svg:writeDebugAarMetadata UP-TO-DATE
> Task :react-native-vector-icons:preDebugBuild UP-TO-DATE
> Task :react-native-vector-icons:writeDebugAarMetadata UP-TO-DATE
> Task :react-native-worklets:preDebugBuild
> Task :react-native-worklets:writeDebugAarMetadata UP-TO-DATE
> Task :app:checkDebugAarMetadata UP-TO-DATE
> Task :app:generateDebugResValues UP-TO-DATE
> Task :app:processDebugGoogleServices UP-TO-DATE
> Task :lodev09_react-native-true-sheet:generateDebugResValues UP-TO-DATE
> Task :lodev09_react-native-true-sheet:generateDebugResources UP-TO-DATE
> Task :lodev09_react-native-true-sheet:packageDebugResources UP-TO-DATE
> Task :lottie-react-native:generateDebugResValues UP-TO-DATE
> Task :lottie-react-native:generateDebugResources UP-TO-DATE
> Task :lottie-react-native:packageDebugResources UP-TO-DATE
> Task :react-native-async-storage_async-storage:generateDebugResValues UP-TO-DATE
> Task :react-native-async-storage_async-storage:generateDebugResources UP-TO-DATE
> Task :react-native-async-storage_async-storage:packageDebugResources UP-TO-DATE
> Task :react-native-clipboard_clipboard:generateDebugResValues UP-TO-DATE
> Task :react-native-clipboard_clipboard:generateDebugResources UP-TO-DATE
> Task :react-native-clipboard_clipboard:packageDebugResources UP-TO-DATE
> Task :react-native-community_blur:generateDebugResValues UP-TO-DATE
> Task :react-native-community_blur:generateDebugResources UP-TO-DATE
> Task :react-native-community_blur:packageDebugResources UP-TO-DATE
> Task :react-native-community_geolocation:generateDebugResValues UP-TO-DATE
> Task :react-native-community_geolocation:generateDebugResources UP-TO-DATE
> Task :react-native-community_geolocation:packageDebugResources UP-TO-DATE
> Task :react-native-community_slider:generateDebugResValues UP-TO-DATE
> Task :react-native-community_slider:generateDebugResources UP-TO-DATE
> Task :react-native-community_slider:packageDebugResources UP-TO-DATE
> Task :react-native-config:generateDebugResValues UP-TO-DATE
> Task :react-native-config:generateDebugResources UP-TO-DATE
> Task :react-native-config:packageDebugResources UP-TO-DATE
> Task :react-native-documents_picker:generateDebugResValues UP-TO-DATE
> Task :react-native-documents_picker:generateDebugResources UP-TO-DATE
> Task :react-native-documents_picker:packageDebugResources UP-TO-DATE
> Task :react-native-fast-image:generateDebugResValues UP-TO-DATE
> Task :react-native-fast-image:generateDebugResources UP-TO-DATE
> Task :react-native-fast-image:packageDebugResources UP-TO-DATE
> Task :react-native-fs:generateDebugResValues UP-TO-DATE
> Task :react-native-fs:generateDebugResources UP-TO-DATE
> Task :react-native-fs:packageDebugResources UP-TO-DATE
> Task :react-native-gesture-handler:generateDebugResValues UP-TO-DATE
> Task :react-native-gesture-handler:generateDebugResources UP-TO-DATE
> Task :react-native-gesture-handler:packageDebugResources UP-TO-DATE
> Task :react-native-google-signin_google-signin:generateDebugResValues UP-TO-DATE
> Task :react-native-google-signin_google-signin:generateDebugResources UP-TO-DATE
> Task :react-native-google-signin_google-signin:packageDebugResources UP-TO-DATE
> Task :react-native-haptic-feedback:generateDebugResValues UP-TO-DATE
> Task :react-native-haptic-feedback:generateDebugResources UP-TO-DATE
> Task :react-native-haptic-feedback:packageDebugResources UP-TO-DATE
> Task :react-native-linear-gradient:generateDebugResValues UP-TO-DATE
> Task :react-native-linear-gradient:generateDebugResources UP-TO-DATE
> Task :react-native-linear-gradient:packageDebugResources UP-TO-DATE
> Task :react-native-localize:generateDebugResValues UP-TO-DATE
> Task :react-native-localize:generateDebugResources UP-TO-DATE
> Task :react-native-localize:packageDebugResources UP-TO-DATE
> Task :react-native-mmkv:generateDebugResValues UP-TO-DATE
> Task :react-native-mmkv:generateDebugResources UP-TO-DATE
> Task :react-native-mmkv:packageDebugResources UP-TO-DATE
> Task :react-native-nitro-modules:generateDebugResValues UP-TO-DATE
> Task :react-native-nitro-modules:generateDebugResources UP-TO-DATE
> Task :react-native-nitro-modules:packageDebugResources UP-TO-DATE
> Task :react-native-orientation-locker:generateDebugResValues UP-TO-DATE
> Task :react-native-orientation-locker:generateDebugResources UP-TO-DATE
> Task :react-native-orientation-locker:packageDebugResources UP-TO-DATE
> Task :react-native-pager-view:generateDebugResValues UP-TO-DATE
> Task :react-native-pager-view:generateDebugResources UP-TO-DATE
> Task :react-native-pager-view:packageDebugResources UP-TO-DATE
> Task :react-native-reanimated:generateDebugResValues UP-TO-DATE
> Task :react-native-reanimated:generateDebugResources UP-TO-DATE
> Task :react-native-reanimated:packageDebugResources UP-TO-DATE
> Task :react-native-safe-area-context:generateDebugResValues UP-TO-DATE
> Task :react-native-safe-area-context:generateDebugResources UP-TO-DATE
> Task :react-native-safe-area-context:packageDebugResources UP-TO-DATE
> Task :react-native-screens:generateDebugResValues UP-TO-DATE
> Task :react-native-screens:generateDebugResources UP-TO-DATE
> Task :react-native-screens:packageDebugResources UP-TO-DATE
> Task :react-native-svg:generateDebugResValues UP-TO-DATE
> Task :react-native-svg:generateDebugResources UP-TO-DATE
> Task :react-native-svg:packageDebugResources UP-TO-DATE
> Task :react-native-vector-icons:generateDebugResValues UP-TO-DATE
> Task :react-native-vector-icons:generateDebugResources UP-TO-DATE
> Task :react-native-vector-icons:packageDebugResources UP-TO-DATE
> Task :react-native-worklets:generateDebugResValues UP-TO-DATE
> Task :react-native-worklets:generateDebugResources UP-TO-DATE
> Task :react-native-worklets:packageDebugResources UP-TO-DATE
> Task :app:mapDebugSourceSetPaths UP-TO-DATE
> Task :app:generateDebugResources UP-TO-DATE
> Task :app:mergeDebugResources UP-TO-DATE
> Task :app:packageDebugResources UP-TO-DATE
> Task :app:parseDebugLocalResources UP-TO-DATE
> Task :app:createDebugCompatibleScreenManifests UP-TO-DATE
> Task :app:extractDeepLinksDebug UP-TO-DATE
> Task :lodev09_react-native-true-sheet:extractDeepLinksDebug UP-TO-DATE
> Task :lodev09_react-native-true-sheet:processDebugManifest UP-TO-DATE
> Task :lottie-react-native:extractDeepLinksDebug UP-TO-DATE
> Task :lottie-react-native:processDebugManifest UP-TO-DATE
> Task :react-native-async-storage_async-storage:extractDeepLinksDebug UP-TO-DATE
> Task :react-native-async-storage_async-storage:processDebugManifest UP-TO-DATE
> Task :react-native-clipboard_clipboard:extractDeepLinksDebug UP-TO-DATE
> Task :react-native-clipboard_clipboard:processDebugManifest UP-TO-DATE
> Task :react-native-community_blur:extractDeepLinksDebug UP-TO-DATE
> Task :react-native-community_blur:processDebugManifest UP-TO-DATE
> Task :react-native-community_geolocation:extractDeepLinksDebug UP-TO-DATE
> Task :react-native-community_geolocation:processDebugManifest UP-TO-DATE
> Task :react-native-community_slider:extractDeepLinksDebug UP-TO-DATE
> Task :react-native-community_slider:processDebugManifest UP-TO-DATE
> Task :react-native-config:extractDeepLinksDebug UP-TO-DATE
> Task :react-native-config:processDebugManifest UP-TO-DATE
> Task :react-native-documents_picker:extractDeepLinksDebug UP-TO-DATE
> Task :react-native-documents_picker:processDebugManifest UP-TO-DATE
> Task :react-native-fast-image:extractDeepLinksDebug UP-TO-DATE
> Task :react-native-fast-image:processDebugManifest UP-TO-DATE
> Task :react-native-fs:extractDeepLinksDebug UP-TO-DATE
> Task :react-native-fs:processDebugManifest UP-TO-DATE
> Task :react-native-gesture-handler:extractDeepLinksDebug UP-TO-DATE
> Task :react-native-gesture-handler:processDebugManifest UP-TO-DATE
> Task :react-native-google-signin_google-signin:extractDeepLinksDebug UP-TO-DATE
> Task :react-native-google-signin_google-signin:processDebugManifest UP-TO-DATE
> Task :react-native-haptic-feedback:extractDeepLinksDebug UP-TO-DATE
> Task :react-native-haptic-feedback:processDebugManifest UP-TO-DATE
> Task :react-native-linear-gradient:extractDeepLinksDebug UP-TO-DATE
> Task :react-native-linear-gradient:processDebugManifest UP-TO-DATE
> Task :react-native-localize:extractDeepLinksDebug UP-TO-DATE
> Task :react-native-localize:processDebugManifest UP-TO-DATE
> Task :react-native-mmkv:extractDeepLinksDebug UP-TO-DATE
> Task :react-native-mmkv:processDebugManifest UP-TO-DATE
> Task :react-native-nitro-modules:extractDeepLinksDebug UP-TO-DATE
> Task :react-native-nitro-modules:processDebugManifest UP-TO-DATE
> Task :react-native-orientation-locker:extractDeepLinksDebug UP-TO-DATE
> Task :react-native-orientation-locker:processDebugManifest UP-TO-DATE
> Task :react-native-pager-view:extractDeepLinksDebug UP-TO-DATE
> Task :react-native-pager-view:processDebugManifest UP-TO-DATE
> Task :react-native-reanimated:extractDeepLinksDebug UP-TO-DATE
> Task :react-native-reanimated:processDebugManifest UP-TO-DATE
> Task :react-native-safe-area-context:extractDeepLinksDebug UP-TO-DATE
> Task :react-native-safe-area-context:processDebugManifest UP-TO-DATE
> Task :react-native-screens:extractDeepLinksDebug UP-TO-DATE
> Task :react-native-screens:processDebugManifest UP-TO-DATE
> Task :react-native-svg:extractDeepLinksDebug UP-TO-DATE
> Task :react-native-svg:processDebugManifest UP-TO-DATE
> Task :react-native-vector-icons:extractDeepLinksDebug UP-TO-DATE
> Task :react-native-vector-icons:processDebugManifest UP-TO-DATE
> Task :react-native-worklets:extractDeepLinksDebug UP-TO-DATE
> Task :react-native-worklets:processDebugManifest UP-TO-DATE
> Task :app:processDebugMainManifest UP-TO-DATE
> Task :app:processDebugManifest UP-TO-DATE
> Task :app:processDebugManifestForPackage UP-TO-DATE
> Task :lodev09_react-native-true-sheet:compileDebugLibraryResources UP-TO-DATE
> Task :lodev09_react-native-true-sheet:parseDebugLocalResources UP-TO-DATE
> Task :lodev09_react-native-true-sheet:generateDebugRFile UP-TO-DATE
> Task :lottie-react-native:compileDebugLibraryResources UP-TO-DATE
> Task :lottie-react-native:parseDebugLocalResources UP-TO-DATE
> Task :lottie-react-native:generateDebugRFile UP-TO-DATE
> Task :react-native-async-storage_async-storage:compileDebugLibraryResources UP-TO-DATE
> Task :react-native-async-storage_async-storage:parseDebugLocalResources UP-TO-DATE
> Task :react-native-async-storage_async-storage:generateDebugRFile UP-TO-DATE
> Task :react-native-clipboard_clipboard:compileDebugLibraryResources UP-TO-DATE
> Task :react-native-clipboard_clipboard:parseDebugLocalResources UP-TO-DATE
> Task :react-native-clipboard_clipboard:generateDebugRFile UP-TO-DATE
> Task :react-native-community_blur:compileDebugLibraryResources UP-TO-DATE
> Task :react-native-community_blur:parseDebugLocalResources UP-TO-DATE
> Task :react-native-community_blur:generateDebugRFile UP-TO-DATE
> Task :react-native-community_geolocation:compileDebugLibraryResources UP-TO-DATE
> Task :react-native-community_geolocation:parseDebugLocalResources UP-TO-DATE
> Task :react-native-community_geolocation:generateDebugRFile UP-TO-DATE
> Task :react-native-community_slider:compileDebugLibraryResources UP-TO-DATE
> Task :react-native-community_slider:parseDebugLocalResources UP-TO-DATE
> Task :react-native-community_slider:generateDebugRFile UP-TO-DATE
> Task :react-native-config:compileDebugLibraryResources UP-TO-DATE
> Task :react-native-config:parseDebugLocalResources UP-TO-DATE
> Task :react-native-config:generateDebugRFile UP-TO-DATE
> Task :react-native-documents_picker:compileDebugLibraryResources UP-TO-DATE
> Task :react-native-documents_picker:parseDebugLocalResources UP-TO-DATE
> Task :react-native-documents_picker:generateDebugRFile UP-TO-DATE
> Task :react-native-fast-image:compileDebugLibraryResources UP-TO-DATE
> Task :react-native-fast-image:parseDebugLocalResources UP-TO-DATE
> Task :react-native-fast-image:generateDebugRFile UP-TO-DATE
> Task :react-native-fs:compileDebugLibraryResources UP-TO-DATE
> Task :react-native-fs:parseDebugLocalResources UP-TO-DATE
> Task :react-native-fs:generateDebugRFile UP-TO-DATE
> Task :react-native-gesture-handler:compileDebugLibraryResources UP-TO-DATE
> Task :react-native-gesture-handler:parseDebugLocalResources UP-TO-DATE
> Task :react-native-gesture-handler:generateDebugRFile UP-TO-DATE
> Task :react-native-google-signin_google-signin:compileDebugLibraryResources UP-TO-DATE
> Task :react-native-google-signin_google-signin:parseDebugLocalResources UP-TO-DATE
> Task :react-native-google-signin_google-signin:generateDebugRFile UP-TO-DATE
> Task :react-native-haptic-feedback:compileDebugLibraryResources UP-TO-DATE
> Task :react-native-haptic-feedback:parseDebugLocalResources UP-TO-DATE
> Task :react-native-haptic-feedback:generateDebugRFile UP-TO-DATE
> Task :react-native-linear-gradient:compileDebugLibraryResources UP-TO-DATE
> Task :react-native-linear-gradient:parseDebugLocalResources UP-TO-DATE
> Task :react-native-linear-gradient:generateDebugRFile UP-TO-DATE
> Task :react-native-localize:compileDebugLibraryResources UP-TO-DATE
> Task :react-native-localize:parseDebugLocalResources UP-TO-DATE
> Task :react-native-localize:generateDebugRFile UP-TO-DATE
> Task :react-native-mmkv:compileDebugLibraryResources UP-TO-DATE
> Task :react-native-mmkv:parseDebugLocalResources UP-TO-DATE
> Task :react-native-mmkv:generateDebugRFile UP-TO-DATE
> Task :react-native-nitro-modules:compileDebugLibraryResources UP-TO-DATE
> Task :react-native-nitro-modules:parseDebugLocalResources UP-TO-DATE
> Task :react-native-nitro-modules:generateDebugRFile UP-TO-DATE
> Task :react-native-orientation-locker:compileDebugLibraryResources UP-TO-DATE
> Task :react-native-orientation-locker:parseDebugLocalResources UP-TO-DATE
> Task :react-native-orientation-locker:generateDebugRFile UP-TO-DATE
> Task :react-native-pager-view:compileDebugLibraryResources UP-TO-DATE
> Task :react-native-pager-view:parseDebugLocalResources UP-TO-DATE
> Task :react-native-pager-view:generateDebugRFile UP-TO-DATE
> Task :react-native-reanimated:compileDebugLibraryResources UP-TO-DATE
> Task :react-native-reanimated:parseDebugLocalResources UP-TO-DATE
> Task :react-native-reanimated:generateDebugRFile UP-TO-DATE
> Task :react-native-safe-area-context:compileDebugLibraryResources UP-TO-DATE
> Task :react-native-safe-area-context:parseDebugLocalResources UP-TO-DATE
> Task :react-native-safe-area-context:generateDebugRFile UP-TO-DATE
> Task :react-native-screens:compileDebugLibraryResources UP-TO-DATE
> Task :react-native-screens:parseDebugLocalResources UP-TO-DATE
> Task :react-native-screens:generateDebugRFile UP-TO-DATE
> Task :react-native-svg:compileDebugLibraryResources UP-TO-DATE
> Task :react-native-svg:parseDebugLocalResources UP-TO-DATE
> Task :react-native-svg:generateDebugRFile UP-TO-DATE
> Task :react-native-vector-icons:compileDebugLibraryResources UP-TO-DATE
> Task :react-native-vector-icons:parseDebugLocalResources UP-TO-DATE
> Task :react-native-vector-icons:generateDebugRFile UP-TO-DATE
> Task :react-native-worklets:compileDebugLibraryResources UP-TO-DATE
> Task :react-native-worklets:parseDebugLocalResources UP-TO-DATE
> Task :react-native-worklets:generateDebugRFile UP-TO-DATE
> Task :app:processDebugResources UP-TO-DATE
> Task :lodev09_react-native-true-sheet:checkKotlinGradlePluginConfigurationErrors SKIPPED
> Task :lodev09_react-native-true-sheet:generateDebugBuildConfig UP-TO-DATE
> Task :lodev09_react-native-true-sheet:compileDebugKotlin UP-TO-DATE
> Task :lodev09_react-native-true-sheet:javaPreCompileDebug UP-TO-DATE
> Task :lodev09_react-native-true-sheet:compileDebugJavaWithJavac UP-TO-DATE
> Task :lodev09_react-native-true-sheet:bundleLibCompileToJarDebug UP-TO-DATE
> Task :lottie-react-native:checkKotlinGradlePluginConfigurationErrors SKIPPED
> Task :lottie-react-native:generateDebugBuildConfig UP-TO-DATE
> Task :lottie-react-native:compileDebugKotlin UP-TO-DATE
> Task :lottie-react-native:javaPreCompileDebug UP-TO-DATE
> Task :lottie-react-native:compileDebugJavaWithJavac UP-TO-DATE
> Task :lottie-react-native:bundleLibCompileToJarDebug UP-TO-DATE
> Task :react-native-async-storage_async-storage:checkKotlinGradlePluginConfigurationErrors SKIPPED
> Task :react-native-async-storage_async-storage:generateDebugBuildConfig UP-TO-DATE
> Task :react-native-async-storage_async-storage:kspDebugKotlin UP-TO-DATE
> Task :react-native-async-storage_async-storage:compileDebugKotlin UP-TO-DATE
> Task :react-native-async-storage_async-storage:javaPreCompileDebug UP-TO-DATE
> Task :react-native-async-storage_async-storage:compileDebugJavaWithJavac UP-TO-DATE
> Task :react-native-async-storage_async-storage:bundleLibCompileToJarDebug UP-TO-DATE
> Task :react-native-clipboard_clipboard:generateDebugBuildConfig UP-TO-DATE
> Task :react-native-clipboard_clipboard:javaPreCompileDebug UP-TO-DATE
> Task :react-native-clipboard_clipboard:compileDebugJavaWithJavac UP-TO-DATE
> Task :react-native-clipboard_clipboard:bundleLibCompileToJarDebug UP-TO-DATE
> Task :react-native-community_blur:generateDebugBuildConfig UP-TO-DATE
> Task :react-native-community_blur:javaPreCompileDebug UP-TO-DATE
> Task :react-native-community_blur:compileDebugJavaWithJavac UP-TO-DATE
> Task :react-native-community_blur:bundleLibCompileToJarDebug UP-TO-DATE
> Task :react-native-community_geolocation:generateDebugBuildConfig UP-TO-DATE
> Task :react-native-community_geolocation:javaPreCompileDebug UP-TO-DATE
> Task :react-native-community_geolocation:compileDebugJavaWithJavac UP-TO-DATE
> Task :react-native-community_geolocation:bundleLibCompileToJarDebug UP-TO-DATE
> Task :react-native-community_slider:generateDebugBuildConfig UP-TO-DATE
> Task :react-native-community_slider:javaPreCompileDebug UP-TO-DATE
> Task :react-native-community_slider:compileDebugJavaWithJavac UP-TO-DATE
> Task :react-native-community_slider:bundleLibCompileToJarDebug UP-TO-DATE
> Task :react-native-config:generateDebugBuildConfig UP-TO-DATE
> Task :react-native-config:javaPreCompileDebug UP-TO-DATE
> Task :react-native-config:compileDebugJavaWithJavac UP-TO-DATE
> Task :react-native-config:bundleLibCompileToJarDebug UP-TO-DATE
> Task :react-native-documents_picker:checkKotlinGradlePluginConfigurationErrors SKIPPED
> Task :react-native-documents_picker:generateDebugBuildConfig UP-TO-DATE
> Task :react-native-documents_picker:compileDebugKotlin UP-TO-DATE
> Task :react-native-documents_picker:javaPreCompileDebug UP-TO-DATE
> Task :react-native-documents_picker:compileDebugJavaWithJavac UP-TO-DATE
> Task :react-native-documents_picker:bundleLibCompileToJarDebug UP-TO-DATE
> Task :react-native-fast-image:generateDebugBuildConfig UP-TO-DATE
> Task :react-native-fast-image:javaPreCompileDebug UP-TO-DATE
> Task :react-native-fast-image:compileDebugJavaWithJavac UP-TO-DATE
> Task :react-native-fast-image:bundleLibCompileToJarDebug UP-TO-DATE
> Task :react-native-fs:generateDebugBuildConfig UP-TO-DATE
> Task :react-native-fs:javaPreCompileDebug UP-TO-DATE
> Task :react-native-fs:compileDebugJavaWithJavac UP-TO-DATE
> Task :react-native-fs:bundleLibCompileToJarDebug UP-TO-DATE
> Task :react-native-gesture-handler:checkKotlinGradlePluginConfigurationErrors SKIPPED
> Task :react-native-gesture-handler:generateDebugBuildConfig UP-TO-DATE
> Task :react-native-reanimated:checkKotlinGradlePluginConfigurationErrors SKIPPED
> Task :react-native-reanimated:generateDebugBuildConfig UP-TO-DATE
> Task :react-native-worklets:checkKotlinGradlePluginConfigurationErrors SKIPPED
> Task :react-native-worklets:generateDebugBuildConfig UP-TO-DATE
> Task :react-native-worklets:compileDebugKotlin UP-TO-DATE
> Task :react-native-worklets:javaPreCompileDebug UP-TO-DATE
> Task :react-native-worklets:compileDebugJavaWithJavac UP-TO-DATE
> Task :react-native-worklets:bundleLibCompileToJarDebug UP-TO-DATE
> Task :react-native-reanimated:compileDebugKotlin UP-TO-DATE
> Task :react-native-reanimated:javaPreCompileDebug UP-TO-DATE
> Task :react-native-reanimated:compileDebugJavaWithJavac UP-TO-DATE
> Task :react-native-reanimated:bundleLibCompileToJarDebug UP-TO-DATE
> Task :react-native-svg:generateDebugBuildConfig UP-TO-DATE
> Task :react-native-svg:javaPreCompileDebug UP-TO-DATE
> Task :react-native-svg:compileDebugJavaWithJavac UP-TO-DATE
> Task :react-native-svg:bundleLibCompileToJarDebug UP-TO-DATE
> Task :react-native-gesture-handler:compileDebugKotlin UP-TO-DATE
> Task :react-native-gesture-handler:javaPreCompileDebug UP-TO-DATE
> Task :react-native-gesture-handler:compileDebugJavaWithJavac UP-TO-DATE
> Task :react-native-gesture-handler:bundleLibCompileToJarDebug UP-TO-DATE
> Task :react-native-google-signin_google-signin:checkKotlinGradlePluginConfigurationErrors SKIPPED
> Task :react-native-google-signin_google-signin:generateDebugBuildConfig UP-TO-DATE
> Task :react-native-google-signin_google-signin:compileDebugKotlin UP-TO-DATE
> Task :react-native-google-signin_google-signin:javaPreCompileDebug UP-TO-DATE
> Task :react-native-google-signin_google-signin:compileDebugJavaWithJavac UP-TO-DATE
> Task :react-native-google-signin_google-signin:bundleLibCompileToJarDebug UP-TO-DATE
> Task :react-native-haptic-feedback:generateDebugBuildConfig UP-TO-DATE
> Task :react-native-haptic-feedback:javaPreCompileDebug UP-TO-DATE
> Task :react-native-haptic-feedback:compileDebugJavaWithJavac UP-TO-DATE
> Task :react-native-haptic-feedback:bundleLibCompileToJarDebug UP-TO-DATE
> Task :react-native-linear-gradient:generateDebugBuildConfig UP-TO-DATE
> Task :react-native-linear-gradient:javaPreCompileDebug UP-TO-DATE
> Task :react-native-linear-gradient:compileDebugJavaWithJavac UP-TO-DATE
> Task :react-native-linear-gradient:bundleLibCompileToJarDebug UP-TO-DATE
> Task :react-native-localize:checkKotlinGradlePluginConfigurationErrors SKIPPED
> Task :react-native-localize:generateDebugBuildConfig UP-TO-DATE
> Task :react-native-localize:compileDebugKotlin UP-TO-DATE
> Task :react-native-localize:javaPreCompileDebug UP-TO-DATE
> Task :react-native-localize:compileDebugJavaWithJavac UP-TO-DATE
> Task :react-native-localize:bundleLibCompileToJarDebug UP-TO-DATE
> Task :react-native-mmkv:checkKotlinGradlePluginConfigurationErrors SKIPPED
> Task :react-native-mmkv:generateDebugBuildConfig UP-TO-DATE
> Task :react-native-nitro-modules:checkKotlinGradlePluginConfigurationErrors SKIPPED
> Task :react-native-nitro-modules:generateDebugBuildConfig UP-TO-DATE
> Task :react-native-nitro-modules:compileDebugKotlin UP-TO-DATE
> Task :react-native-nitro-modules:javaPreCompileDebug UP-TO-DATE
> Task :react-native-nitro-modules:compileDebugJavaWithJavac UP-TO-DATE
> Task :react-native-nitro-modules:bundleLibCompileToJarDebug UP-TO-DATE
> Task :react-native-mmkv:compileDebugKotlin UP-TO-DATE
> Task :react-native-mmkv:javaPreCompileDebug UP-TO-DATE
> Task :react-native-mmkv:compileDebugJavaWithJavac UP-TO-DATE
> Task :react-native-mmkv:bundleLibCompileToJarDebug UP-TO-DATE
> Task :react-native-orientation-locker:generateDebugBuildConfig UP-TO-DATE
> Task :react-native-orientation-locker:javaPreCompileDebug UP-TO-DATE
> Task :react-native-orientation-locker:compileDebugJavaWithJavac UP-TO-DATE
> Task :react-native-orientation-locker:bundleLibCompileToJarDebug UP-TO-DATE
> Task :react-native-pager-view:checkKotlinGradlePluginConfigurationErrors SKIPPED
> Task :react-native-pager-view:generateDebugBuildConfig UP-TO-DATE
> Task :react-native-pager-view:compileDebugKotlin UP-TO-DATE
> Task :react-native-pager-view:javaPreCompileDebug UP-TO-DATE
> Task :react-native-pager-view:compileDebugJavaWithJavac UP-TO-DATE
> Task :react-native-pager-view:bundleLibCompileToJarDebug UP-TO-DATE
> Task :react-native-safe-area-context:checkKotlinGradlePluginConfigurationErrors SKIPPED
> Task :react-native-safe-area-context:generateDebugBuildConfig UP-TO-DATE
> Task :react-native-safe-area-context:compileDebugKotlin UP-TO-DATE
> Task :react-native-safe-area-context:javaPreCompileDebug UP-TO-DATE
> Task :react-native-safe-area-context:compileDebugJavaWithJavac UP-TO-DATE
> Task :react-native-safe-area-context:bundleLibCompileToJarDebug UP-TO-DATE
> Task :react-native-screens:checkKotlinGradlePluginConfigurationErrors SKIPPED
> Task :react-native-screens:generateDebugBuildConfig UP-TO-DATE
> Task :react-native-screens:compileDebugKotlin UP-TO-DATE
> Task :react-native-screens:javaPreCompileDebug UP-TO-DATE
> Task :react-native-screens:compileDebugJavaWithJavac UP-TO-DATE
> Task :react-native-screens:bundleLibCompileToJarDebug UP-TO-DATE
> Task :react-native-vector-icons:generateDebugBuildConfig UP-TO-DATE
> Task :react-native-vector-icons:javaPreCompileDebug UP-TO-DATE
> Task :react-native-vector-icons:compileDebugJavaWithJavac UP-TO-DATE
> Task :react-native-vector-icons:bundleLibCompileToJarDebug UP-TO-DATE
> Task :app:javaPreCompileDebug UP-TO-DATE
> Task :app:mergeDebugShaders UP-TO-DATE
> Task :app:compileDebugShaders NO-SOURCE
> Task :app:generateDebugAssets UP-TO-DATE
> Task :lodev09_react-native-true-sheet:mergeDebugShaders UP-TO-DATE
> Task :lodev09_react-native-true-sheet:compileDebugShaders NO-SOURCE
> Task :lodev09_react-native-true-sheet:generateDebugAssets UP-TO-DATE
> Task :lodev09_react-native-true-sheet:mergeDebugAssets UP-TO-DATE
> Task :lottie-react-native:mergeDebugShaders UP-TO-DATE
> Task :lottie-react-native:compileDebugShaders NO-SOURCE
> Task :lottie-react-native:generateDebugAssets UP-TO-DATE
> Task :lottie-react-native:mergeDebugAssets UP-TO-DATE
> Task :react-native-async-storage_async-storage:mergeDebugShaders UP-TO-DATE
> Task :react-native-async-storage_async-storage:compileDebugShaders NO-SOURCE
> Task :react-native-async-storage_async-storage:generateDebugAssets UP-TO-DATE
> Task :react-native-async-storage_async-storage:mergeDebugAssets UP-TO-DATE
> Task :react-native-clipboard_clipboard:mergeDebugShaders UP-TO-DATE
> Task :react-native-clipboard_clipboard:compileDebugShaders NO-SOURCE
> Task :react-native-clipboard_clipboard:generateDebugAssets UP-TO-DATE
> Task :react-native-clipboard_clipboard:mergeDebugAssets UP-TO-DATE
> Task :react-native-community_blur:mergeDebugShaders UP-TO-DATE
> Task :react-native-community_blur:compileDebugShaders NO-SOURCE
> Task :react-native-community_blur:generateDebugAssets UP-TO-DATE
> Task :react-native-community_blur:mergeDebugAssets UP-TO-DATE
> Task :react-native-community_geolocation:mergeDebugShaders UP-TO-DATE
> Task :react-native-community_geolocation:compileDebugShaders NO-SOURCE
> Task :react-native-community_geolocation:generateDebugAssets UP-TO-DATE
> Task :react-native-community_geolocation:mergeDebugAssets UP-TO-DATE
> Task :react-native-community_slider:mergeDebugShaders UP-TO-DATE
> Task :react-native-community_slider:compileDebugShaders NO-SOURCE
> Task :react-native-community_slider:generateDebugAssets UP-TO-DATE
> Task :react-native-community_slider:mergeDebugAssets UP-TO-DATE
> Task :react-native-config:mergeDebugShaders UP-TO-DATE
> Task :react-native-config:compileDebugShaders NO-SOURCE
> Task :react-native-config:generateDebugAssets UP-TO-DATE
> Task :react-native-config:mergeDebugAssets UP-TO-DATE
> Task :react-native-documents_picker:mergeDebugShaders UP-TO-DATE
> Task :react-native-documents_picker:compileDebugShaders NO-SOURCE
> Task :react-native-documents_picker:generateDebugAssets UP-TO-DATE
> Task :react-native-documents_picker:mergeDebugAssets UP-TO-DATE
> Task :react-native-fast-image:mergeDebugShaders UP-TO-DATE
> Task :react-native-fast-image:compileDebugShaders NO-SOURCE
> Task :react-native-fast-image:generateDebugAssets UP-TO-DATE
> Task :react-native-fast-image:mergeDebugAssets UP-TO-DATE
> Task :react-native-fs:mergeDebugShaders UP-TO-DATE
> Task :react-native-fs:compileDebugShaders NO-SOURCE
> Task :react-native-fs:generateDebugAssets UP-TO-DATE
> Task :react-native-fs:mergeDebugAssets UP-TO-DATE
> Task :react-native-gesture-handler:mergeDebugShaders UP-TO-DATE
> Task :react-native-gesture-handler:compileDebugShaders NO-SOURCE
> Task :react-native-gesture-handler:generateDebugAssets UP-TO-DATE
> Task :react-native-gesture-handler:mergeDebugAssets UP-TO-DATE
> Task :react-native-google-signin_google-signin:mergeDebugShaders UP-TO-DATE
> Task :react-native-google-signin_google-signin:compileDebugShaders NO-SOURCE
> Task :react-native-google-signin_google-signin:generateDebugAssets UP-TO-DATE
> Task :react-native-google-signin_google-signin:mergeDebugAssets UP-TO-DATE
> Task :react-native-haptic-feedback:mergeDebugShaders UP-TO-DATE
> Task :react-native-haptic-feedback:compileDebugShaders NO-SOURCE
> Task :react-native-haptic-feedback:generateDebugAssets UP-TO-DATE
> Task :react-native-haptic-feedback:mergeDebugAssets UP-TO-DATE
> Task :react-native-linear-gradient:mergeDebugShaders UP-TO-DATE
> Task :react-native-linear-gradient:compileDebugShaders NO-SOURCE
> Task :react-native-linear-gradient:generateDebugAssets UP-TO-DATE
> Task :react-native-linear-gradient:mergeDebugAssets UP-TO-DATE
> Task :react-native-localize:mergeDebugShaders UP-TO-DATE
> Task :react-native-localize:compileDebugShaders NO-SOURCE
> Task :react-native-localize:generateDebugAssets UP-TO-DATE
> Task :react-native-localize:mergeDebugAssets UP-TO-DATE
> Task :react-native-mmkv:mergeDebugShaders UP-TO-DATE
> Task :react-native-mmkv:compileDebugShaders NO-SOURCE
> Task :react-native-mmkv:generateDebugAssets UP-TO-DATE
> Task :react-native-mmkv:mergeDebugAssets UP-TO-DATE
> Task :react-native-nitro-modules:mergeDebugShaders UP-TO-DATE
> Task :react-native-nitro-modules:compileDebugShaders NO-SOURCE
> Task :react-native-nitro-modules:generateDebugAssets UP-TO-DATE
> Task :react-native-nitro-modules:mergeDebugAssets UP-TO-DATE
> Task :react-native-orientation-locker:mergeDebugShaders UP-TO-DATE
> Task :react-native-orientation-locker:compileDebugShaders NO-SOURCE
> Task :react-native-orientation-locker:generateDebugAssets UP-TO-DATE
> Task :react-native-orientation-locker:mergeDebugAssets UP-TO-DATE
> Task :react-native-pager-view:mergeDebugShaders UP-TO-DATE
> Task :react-native-pager-view:compileDebugShaders NO-SOURCE
> Task :react-native-pager-view:generateDebugAssets UP-TO-DATE
> Task :react-native-pager-view:mergeDebugAssets UP-TO-DATE
> Task :react-native-reanimated:mergeDebugShaders UP-TO-DATE
> Task :react-native-reanimated:compileDebugShaders NO-SOURCE
> Task :react-native-reanimated:generateDebugAssets UP-TO-DATE
> Task :react-native-reanimated:mergeDebugAssets UP-TO-DATE
> Task :react-native-safe-area-context:mergeDebugShaders UP-TO-DATE
> Task :react-native-safe-area-context:compileDebugShaders NO-SOURCE
> Task :react-native-safe-area-context:generateDebugAssets UP-TO-DATE
> Task :react-native-safe-area-context:mergeDebugAssets UP-TO-DATE
> Task :react-native-screens:mergeDebugShaders UP-TO-DATE
> Task :react-native-screens:compileDebugShaders NO-SOURCE
> Task :react-native-screens:generateDebugAssets UP-TO-DATE
> Task :react-native-screens:mergeDebugAssets UP-TO-DATE
> Task :react-native-svg:mergeDebugShaders UP-TO-DATE
> Task :react-native-svg:compileDebugShaders NO-SOURCE
> Task :react-native-svg:generateDebugAssets UP-TO-DATE
> Task :react-native-svg:mergeDebugAssets UP-TO-DATE
> Task :react-native-vector-icons:mergeDebugShaders UP-TO-DATE
> Task :react-native-vector-icons:compileDebugShaders NO-SOURCE
> Task :react-native-vector-icons:generateDebugAssets UP-TO-DATE
> Task :react-native-vector-icons:mergeDebugAssets UP-TO-DATE
> Task :react-native-worklets:mergeDebugShaders UP-TO-DATE
> Task :react-native-worklets:compileDebugShaders NO-SOURCE
> Task :react-native-worklets:generateDebugAssets UP-TO-DATE
> Task :react-native-worklets:mergeDebugAssets UP-TO-DATE
> Task :app:mergeDebugAssets UP-TO-DATE
> Task :app:compressDebugAssets UP-TO-DATE
> Task :lodev09_react-native-true-sheet:bundleLibRuntimeToJarDebug UP-TO-DATE
> Task :react-native-async-storage_async-storage:bundleLibRuntimeToJarDebug UP-TO-DATE
> Task :react-native-documents_picker:bundleLibRuntimeToJarDebug UP-TO-DATE
> Task :react-native-google-signin_google-signin:bundleLibRuntimeToJarDebug UP-TO-DATE
> Task :lottie-react-native:bundleLibRuntimeToJarDebug UP-TO-DATE
> Task :react-native-gesture-handler:bundleLibRuntimeToJarDebug UP-TO-DATE
> Task :react-native-localize:bundleLibRuntimeToJarDebug UP-TO-DATE
> Task :react-native-mmkv:bundleLibRuntimeToJarDebug UP-TO-DATE
> Task :react-native-nitro-modules:bundleLibRuntimeToJarDebug UP-TO-DATE
> Task :react-native-pager-view:bundleLibRuntimeToJarDebug UP-TO-DATE
> Task :react-native-reanimated:bundleLibRuntimeToJarDebug UP-TO-DATE
> Task :react-native-safe-area-context:bundleLibRuntimeToJarDebug UP-TO-DATE
> Task :react-native-screens:bundleLibRuntimeToJarDebug UP-TO-DATE
> Task :react-native-worklets:bundleLibRuntimeToJarDebug UP-TO-DATE
> Task :react-native-clipboard_clipboard:bundleLibRuntimeToJarDebug UP-TO-DATE
> Task :react-native-community_blur:bundleLibRuntimeToJarDebug UP-TO-DATE
> Task :react-native-community_geolocation:bundleLibRuntimeToJarDebug UP-TO-DATE
> Task :react-native-community_slider:bundleLibRuntimeToJarDebug UP-TO-DATE
> Task :react-native-config:bundleLibRuntimeToJarDebug UP-TO-DATE
> Task :react-native-fast-image:bundleLibRuntimeToJarDebug UP-TO-DATE
> Task :react-native-fs:bundleLibRuntimeToJarDebug UP-TO-DATE
> Task :react-native-haptic-feedback:bundleLibRuntimeToJarDebug UP-TO-DATE
> Task :react-native-linear-gradient:bundleLibRuntimeToJarDebug UP-TO-DATE
> Task :react-native-orientation-locker:bundleLibRuntimeToJarDebug UP-TO-DATE
> Task :react-native-svg:bundleLibRuntimeToJarDebug UP-TO-DATE
> Task :react-native-vector-icons:bundleLibRuntimeToJarDebug UP-TO-DATE
> Task :app:desugarDebugFileDependencies UP-TO-DATE
> Task :lodev09_react-native-true-sheet:processDebugJavaRes UP-TO-DATE
> Task :lottie-react-native:processDebugJavaRes UP-TO-DATE
> Task :react-native-async-storage_async-storage:processDebugJavaRes UP-TO-DATE
> Task :react-native-clipboard_clipboard:processDebugJavaRes NO-SOURCE
> Task :react-native-community_blur:processDebugJavaRes NO-SOURCE
> Task :react-native-community_geolocation:processDebugJavaRes NO-SOURCE
> Task :react-native-community_slider:processDebugJavaRes NO-SOURCE
> Task :react-native-config:processDebugJavaRes NO-SOURCE
> Task :react-native-documents_picker:processDebugJavaRes UP-TO-DATE
> Task :react-native-fast-image:processDebugJavaRes UP-TO-DATE
> Task :react-native-fs:processDebugJavaRes NO-SOURCE
> Task :react-native-gesture-handler:processDebugJavaRes UP-TO-DATE
> Task :react-native-google-signin_google-signin:processDebugJavaRes UP-TO-DATE
> Task :react-native-haptic-feedback:processDebugJavaRes NO-SOURCE
> Task :react-native-linear-gradient:processDebugJavaRes NO-SOURCE
> Task :react-native-localize:processDebugJavaRes UP-TO-DATE
> Task :react-native-mmkv:processDebugJavaRes UP-TO-DATE
> Task :react-native-nitro-modules:processDebugJavaRes UP-TO-DATE
> Task :react-native-orientation-locker:processDebugJavaRes NO-SOURCE
> Task :react-native-pager-view:processDebugJavaRes UP-TO-DATE
> Task :react-native-reanimated:processDebugJavaRes UP-TO-DATE
> Task :react-native-safe-area-context:processDebugJavaRes UP-TO-DATE
> Task :react-native-screens:processDebugJavaRes UP-TO-DATE
> Task :react-native-svg:processDebugJavaRes NO-SOURCE
> Task :react-native-vector-icons:processDebugJavaRes NO-SOURCE
> Task :react-native-worklets:processDebugJavaRes UP-TO-DATE
> Task :app:checkDebugDuplicateClasses UP-TO-DATE
> Task :app:mergeExtDexDebug UP-TO-DATE
> Task :lodev09_react-native-true-sheet:bundleLibRuntimeToDirDebug UP-TO-DATE
> Task :react-native-async-storage_async-storage:bundleLibRuntimeToDirDebug UP-TO-DATE
> Task :react-native-documents_picker:bundleLibRuntimeToDirDebug UP-TO-DATE
> Task :react-native-google-signin_google-signin:bundleLibRuntimeToDirDebug UP-TO-DATE
> Task :lottie-react-native:bundleLibRuntimeToDirDebug UP-TO-DATE
> Task :react-native-gesture-handler:bundleLibRuntimeToDirDebug UP-TO-DATE
> Task :react-native-localize:bundleLibRuntimeToDirDebug UP-TO-DATE
> Task :react-native-mmkv:bundleLibRuntimeToDirDebug UP-TO-DATE
> Task :react-native-nitro-modules:bundleLibRuntimeToDirDebug UP-TO-DATE
> Task :react-native-pager-view:bundleLibRuntimeToDirDebug UP-TO-DATE
> Task :react-native-reanimated:bundleLibRuntimeToDirDebug UP-TO-DATE
> Task :react-native-safe-area-context:bundleLibRuntimeToDirDebug UP-TO-DATE
> Task :react-native-screens:bundleLibRuntimeToDirDebug UP-TO-DATE
> Task :react-native-worklets:bundleLibRuntimeToDirDebug UP-TO-DATE
> Task :react-native-clipboard_clipboard:bundleLibRuntimeToDirDebug UP-TO-DATE
> Task :react-native-community_blur:bundleLibRuntimeToDirDebug UP-TO-DATE
> Task :react-native-community_geolocation:bundleLibRuntimeToDirDebug UP-TO-DATE
> Task :react-native-community_slider:bundleLibRuntimeToDirDebug UP-TO-DATE
> Task :react-native-config:bundleLibRuntimeToDirDebug UP-TO-DATE
> Task :react-native-fast-image:bundleLibRuntimeToDirDebug UP-TO-DATE
> Task :react-native-fs:bundleLibRuntimeToDirDebug UP-TO-DATE
> Task :react-native-haptic-feedback:bundleLibRuntimeToDirDebug UP-TO-DATE
> Task :react-native-linear-gradient:bundleLibRuntimeToDirDebug UP-TO-DATE
> Task :react-native-orientation-locker:bundleLibRuntimeToDirDebug UP-TO-DATE
> Task :react-native-svg:bundleLibRuntimeToDirDebug UP-TO-DATE
> Task :react-native-vector-icons:bundleLibRuntimeToDirDebug UP-TO-DATE

> Task :react-native-nitro-modules:configureCMakeDebug[arm64-v8a]
[CXX5304] This version only understands SDK XML versions up to 3 but an SDK XML file of version 4 was encountered. This can happen if you use versions of Android Studio and the command-line tools that were released at different times.
[CXX5304] This version only understands SDK XML versions up to 3 but an SDK XML file of version 4 was encountered. This can happen if you use versions of Android Studio and the command-line tools that were released at different times.

> Task :app:mergeLibDexDebug UP-TO-DATE

> Task :react-native-nitro-modules:buildCMakeDebug[arm64-v8a]
C/C++: Hard link from 'C:\Users\paval\.gradle\caches\9.3.1\transforms\65765d2660fc0221f7968a137a7f2299\workspace\transformed\react-android-0.86.0-debug\prefab\modules\reactnative\libs\android.arm64-v8a\libreactnative.so' to 'X:\Development\SIMBA\MOBILE_APP_REACT_NATIVE\node_modules\react-native-nitro-modules\android\build\intermediates\cxx\Debug\375b112b\obj\arm64-v8a\libreactnative.so' failed. Doing a slower copy instead.
C/C++: Hard link from 'C:\Users\paval\.gradle\caches\9.3.1\transforms\65765d2660fc0221f7968a137a7f2299\workspace\transformed\react-android-0.86.0-debug\prefab\modules\reactnative\libs\android.arm64-v8a\libreactnative.so' to 'X:\Development\SIMBA\MOBILE_APP_REACT_NATIVE\node_modules\react-native-nitro-modules\android\build\intermediates\cxx\Debug\375b112b\obj\arm64-v8a\libreactnative.so' failed. Doing a slower copy instead.

> Task :react-native-nitro-modules:configureCMakeDebug[armeabi-v7a]

> Task :react-native-nitro-modules:buildCMakeDebug[armeabi-v7a]
C/C++: Hard link from 'C:\Users\paval\.gradle\caches\9.3.1\transforms\65765d2660fc0221f7968a137a7f2299\workspace\transformed\react-android-0.86.0-debug\prefab\modules\reactnative\libs\android.armeabi-v7a\libreactnative.so' to 'X:\Development\SIMBA\MOBILE_APP_REACT_NATIVE\node_modules\react-native-nitro-modules\android\build\intermediates\cxx\Debug\375b112b\obj\armeabi-v7a\libreactnative.so' failed. Doing a slower copy instead.
C/C++: Hard link from 'C:\Users\paval\.gradle\caches\9.3.1\transforms\65765d2660fc0221f7968a137a7f2299\workspace\transformed\react-android-0.86.0-debug\prefab\modules\reactnative\libs\android.armeabi-v7a\libreactnative.so' to 'X:\Development\SIMBA\MOBILE_APP_REACT_NATIVE\node_modules\react-native-nitro-modules\android\build\intermediates\cxx\Debug\375b112b\obj\armeabi-v7a\libreactnative.so' failed. Doing a slower copy instead.

> Task :app:compileDebugKotlin
w: file:///X:/Development/SIMBA/MOBILE_APP_REACT_NATIVE/android/app/src/main/java/com/simba/player/mpv/MpvBridgeModule.kt:227:24 'fun getCurrentActivity(): Activity?' is deprecated. Deprecated in 0.80.0. Use getReactApplicationContext().getCurrentActivity() instead.
w: file:///X:/Development/SIMBA/MOBILE_APP_REACT_NATIVE/android/app/src/main/java/com/simba/player/mpv/MpvBridgeModule.kt:235:24 'fun getCurrentActivity(): Activity?' is deprecated. Deprecated in 0.80.0. Use getReactApplicationContext().getCurrentActivity() instead.
w: file:///X:/Development/SIMBA/MOBILE_APP_REACT_NATIVE/android/app/src/main/java/com/simba/player/mpv/MpvBridgeModule.kt:817:18 This declaration overrides a deprecated member but is not marked as deprecated itself. Add the '@Deprecated' annotation or suppress the diagnostic.
w: file:///X:/Development/SIMBA/MOBILE_APP_REACT_NATIVE/android/app/src/main/java/com/simba/player/mpv/MpvBridgeModule.kt:820:15 'fun onCatalystInstanceDestroy(): Unit' is deprecated. Deprecated in Java.
w: file:///X:/Development/SIMBA/MOBILE_APP_REACT_NATIVE/android/app/src/main/java/com/simba/player/mpv/MpvBridgeModule.kt:834:24 'fun getCurrentActivity(): Activity?' is deprecated. Deprecated in 0.80.0. Use getReactApplicationContext().getCurrentActivity() instead.
w: file:///X:/Development/SIMBA/MOBILE_APP_REACT_NATIVE/android/app/src/main/java/com/simba/player/mpv/MpvBridgeModule.kt:854:24 'fun getCurrentActivity(): Activity?' is deprecated. Deprecated in 0.80.0. Use getReactApplicationContext().getCurrentActivity() instead.
w: file:///X:/Development/SIMBA/MOBILE_APP_REACT_NATIVE/android/app/src/main/java/com/simba/player/mpv/MpvBridgeModule.kt:867:24 'fun getCurrentActivity(): Activity?' is deprecated. Deprecated in 0.80.0. Use getReactApplicationContext().getCurrentActivity() instead.
w: file:///X:/Development/SIMBA/MOBILE_APP_REACT_NATIVE/android/app/src/main/java/com/simba/player/mpv/MpvBridgeModule.kt:969:28 'fun getCurrentActivity(): Activity?' is deprecated. Deprecated in 0.80.0. Use getReactApplicationContext().getCurrentActivity() instead.

> Task :react-native-nitro-modules:configureCMakeDebug[x86]
> Task :app:compileDebugJavaWithJavac UP-TO-DATE
> Task :app:dexBuilderDebug
> Task :app:mergeDebugGlobalSynthetics UP-TO-DATE
> Task :app:processDebugJavaRes UP-TO-DATE
> Task :app:mergeDebugJavaResource UP-TO-DATE
> Task :app:mergeProjectDexDebug

> Task :react-native-nitro-modules:buildCMakeDebug[x86]
C/C++: Hard link from 'C:\Users\paval\.gradle\caches\9.3.1\transforms\65765d2660fc0221f7968a137a7f2299\workspace\transformed\react-android-0.86.0-debug\prefab\modules\reactnative\libs\android.x86\libreactnative.so' to 'X:\Development\SIMBA\MOBILE_APP_REACT_NATIVE\node_modules\react-native-nitro-modules\android\build\intermediates\cxx\Debug\375b112b\obj\x86\libreactnative.so' failed. Doing a slower copy instead.
C/C++: Hard link from 'C:\Users\paval\.gradle\caches\9.3.1\transforms\65765d2660fc0221f7968a137a7f2299\workspace\transformed\react-android-0.86.0-debug\prefab\modules\reactnative\libs\android.x86\libreactnative.so' to 'X:\Development\SIMBA\MOBILE_APP_REACT_NATIVE\node_modules\react-native-nitro-modules\android\build\intermediates\cxx\Debug\375b112b\obj\x86\libreactnative.so' failed. Doing a slower copy instead.

> Task :react-native-nitro-modules:configureCMakeDebug[x86_64]

> Task :react-native-nitro-modules:buildCMakeDebug[x86_64]
C/C++: Hard link from 'C:\Users\paval\.gradle\caches\9.3.1\transforms\65765d2660fc0221f7968a137a7f2299\workspace\transformed\react-android-0.86.0-debug\prefab\modules\reactnative\libs\android.x86_64\libreactnative.so' to 'X:\Development\SIMBA\MOBILE_APP_REACT_NATIVE\node_modules\react-native-nitro-modules\android\build\intermediates\cxx\Debug\375b112b\obj\x86_64\libreactnative.so' failed. Doing a slower copy instead.
C/C++: Hard link from 'C:\Users\paval\.gradle\caches\9.3.1\transforms\65765d2660fc0221f7968a137a7f2299\workspace\transformed\react-android-0.86.0-debug\prefab\modules\reactnative\libs\android.x86_64\libreactnative.so' to 'X:\Development\SIMBA\MOBILE_APP_REACT_NATIVE\node_modules\react-native-nitro-modules\android\build\intermediates\cxx\Debug\375b112b\obj\x86_64\libreactnative.so' failed. Doing a slower copy instead.

> Task :react-native-nitro-modules:externalNativeBuildDebug
> Task :react-native-nitro-modules:generateJsonModelDebug
> Task :react-native-nitro-modules:prefabDebugConfigurePackage
> Task :react-native-worklets:configureCMakeDebug[arm64-v8a]

> Task :react-native-worklets:buildCMakeDebug[arm64-v8a][worklets]
C/C++: Hard link from 'C:\Users\paval\.gradle\caches\9.3.1\transforms\65765d2660fc0221f7968a137a7f2299\workspace\transformed\react-android-0.86.0-debug\prefab\modules\reactnative\libs\android.arm64-v8a\libreactnative.so' to 'X:\Development\SIMBA\MOBILE_APP_REACT_NATIVE\node_modules\react-native-worklets\android\build\intermediates\cxx\Debug\4e2xz552\obj\arm64-v8a\libreactnative.so' failed. Doing a slower copy instead.
C/C++: Hard link from 'C:\Users\paval\.gradle\caches\9.3.1\transforms\65765d2660fc0221f7968a137a7f2299\workspace\transformed\react-android-0.86.0-debug\prefab\modules\reactnative\libs\android.arm64-v8a\libreactnative.so' to 'X:\Development\SIMBA\MOBILE_APP_REACT_NATIVE\node_modules\react-native-worklets\android\build\intermediates\cxx\Debug\4e2xz552\obj\arm64-v8a\libreactnative.so' failed. Doing a slower copy instead.

> Task :react-native-worklets:configureCMakeDebug[armeabi-v7a]

> Task :react-native-worklets:buildCMakeDebug[armeabi-v7a][worklets]
C/C++: Hard link from 'C:\Users\paval\.gradle\caches\9.3.1\transforms\65765d2660fc0221f7968a137a7f2299\workspace\transformed\react-android-0.86.0-debug\prefab\modules\reactnative\libs\android.armeabi-v7a\libreactnative.so' to 'X:\Development\SIMBA\MOBILE_APP_REACT_NATIVE\node_modules\react-native-worklets\android\build\intermediates\cxx\Debug\4e2xz552\obj\armeabi-v7a\libreactnative.so' failed. Doing a slower copy instead.
C/C++: Hard link from 'C:\Users\paval\.gradle\caches\9.3.1\transforms\65765d2660fc0221f7968a137a7f2299\workspace\transformed\react-android-0.86.0-debug\prefab\modules\reactnative\libs\android.armeabi-v7a\libreactnative.so' to 'X:\Development\SIMBA\MOBILE_APP_REACT_NATIVE\node_modules\react-native-worklets\android\build\intermediates\cxx\Debug\4e2xz552\obj\armeabi-v7a\libreactnative.so' failed. Doing a slower copy instead.

> Task :react-native-worklets:configureCMakeDebug[x86]

> Task :react-native-worklets:buildCMakeDebug[x86][worklets]
C/C++: Hard link from 'C:\Users\paval\.gradle\caches\9.3.1\transforms\65765d2660fc0221f7968a137a7f2299\workspace\transformed\react-android-0.86.0-debug\prefab\modules\reactnative\libs\android.x86\libreactnative.so' to 'X:\Development\SIMBA\MOBILE_APP_REACT_NATIVE\node_modules\react-native-worklets\android\build\intermediates\cxx\Debug\4e2xz552\obj\x86\libreactnative.so' failed. Doing a slower copy instead.
C/C++: Hard link from 'C:\Users\paval\.gradle\caches\9.3.1\transforms\65765d2660fc0221f7968a137a7f2299\workspace\transformed\react-android-0.86.0-debug\prefab\modules\reactnative\libs\android.x86\libreactnative.so' to 'X:\Development\SIMBA\MOBILE_APP_REACT_NATIVE\node_modules\react-native-worklets\android\build\intermediates\cxx\Debug\4e2xz552\obj\x86\libreactnative.so' failed. Doing a slower copy instead.

> Task :react-native-worklets:configureCMakeDebug[x86_64]

> Task :react-native-worklets:buildCMakeDebug[x86_64][worklets]
C/C++: Hard link from 'C:\Users\paval\.gradle\caches\9.3.1\transforms\65765d2660fc0221f7968a137a7f2299\workspace\transformed\react-android-0.86.0-debug\prefab\modules\reactnative\libs\android.x86_64\libreactnative.so' to 'X:\Development\SIMBA\MOBILE_APP_REACT_NATIVE\node_modules\react-native-worklets\android\build\intermediates\cxx\Debug\4e2xz552\obj\x86_64\libreactnative.so' failed. Doing a slower copy instead.
C/C++: Hard link from 'C:\Users\paval\.gradle\caches\9.3.1\transforms\65765d2660fc0221f7968a137a7f2299\workspace\transformed\react-android-0.86.0-debug\prefab\modules\reactnative\libs\android.x86_64\libreactnative.so' to 'X:\Development\SIMBA\MOBILE_APP_REACT_NATIVE\node_modules\react-native-worklets\android\build\intermediates\cxx\Debug\4e2xz552\obj\x86_64\libreactnative.so' failed. Doing a slower copy instead.

> Task :react-native-worklets:externalNativeBuildDebug
> Task :react-native-worklets:generateJsonModelDebug
> Task :react-native-worklets:prefabDebugConfigurePackage
> Task :react-native-reanimated:configureCMakeDebug[arm64-v8a]
> Task :react-native-reanimated:configureCMakeDebug[armeabi-v7a]
> Task :react-native-reanimated:configureCMakeDebug[x86]
> Task :react-native-reanimated:configureCMakeDebug[x86_64]
> Task :react-native-reanimated:generateJsonModelDebug
> Task :react-native-reanimated:prefabDebugConfigurePackage UP-TO-DATE
> Task :app:configureCMakeDebug[arm64-v8a]
> Task :react-native-nitro-modules:prefabDebugPackage UP-TO-DATE
> Task :react-native-worklets:prefabDebugPackage UP-TO-DATE

> Task :react-native-reanimated:buildCMakeDebug[arm64-v8a][reanimated]
C/C++: Hard link from 'C:\Users\paval\.gradle\caches\9.3.1\transforms\65765d2660fc0221f7968a137a7f2299\workspace\transformed\react-android-0.86.0-debug\prefab\modules\reactnative\libs\android.arm64-v8a\libreactnative.so' to 'X:\Development\SIMBA\MOBILE_APP_REACT_NATIVE\node_modules\react-native-reanimated\android\build\intermediates\cxx\Debug\5kw1mf41\obj\arm64-v8a\libreactnative.so' failed. Doing a slower copy instead.
C/C++: Hard link from 'C:\Users\paval\.gradle\caches\9.3.1\transforms\65765d2660fc0221f7968a137a7f2299\workspace\transformed\react-android-0.86.0-debug\prefab\modules\reactnative\libs\android.arm64-v8a\libreactnative.so' to 'X:\Development\SIMBA\MOBILE_APP_REACT_NATIVE\node_modules\react-native-reanimated\android\build\intermediates\cxx\Debug\5kw1mf41\obj\arm64-v8a\libreactnative.so' failed. Doing a slower copy instead.

> Task :react-native-reanimated:buildCMakeDebug[armeabi-v7a][reanimated]
C/C++: Hard link from 'C:\Users\paval\.gradle\caches\9.3.1\transforms\65765d2660fc0221f7968a137a7f2299\workspace\transformed\react-android-0.86.0-debug\prefab\modules\reactnative\libs\android.armeabi-v7a\libreactnative.so' to 'X:\Development\SIMBA\MOBILE_APP_REACT_NATIVE\node_modules\react-native-reanimated\android\build\intermediates\cxx\Debug\5kw1mf41\obj\armeabi-v7a\libreactnative.so' failed. Doing a slower copy instead.
C/C++: Hard link from 'C:\Users\paval\.gradle\caches\9.3.1\transforms\65765d2660fc0221f7968a137a7f2299\workspace\transformed\react-android-0.86.0-debug\prefab\modules\reactnative\libs\android.armeabi-v7a\libreactnative.so' to 'X:\Development\SIMBA\MOBILE_APP_REACT_NATIVE\node_modules\react-native-reanimated\android\build\intermediates\cxx\Debug\5kw1mf41\obj\armeabi-v7a\libreactnative.so' failed. Doing a slower copy instead.

> Task :react-native-reanimated:buildCMakeDebug[x86][reanimated]
C/C++: Hard link from 'C:\Users\paval\.gradle\caches\9.3.1\transforms\65765d2660fc0221f7968a137a7f2299\workspace\transformed\react-android-0.86.0-debug\prefab\modules\reactnative\libs\android.x86\libreactnative.so' to 'X:\Development\SIMBA\MOBILE_APP_REACT_NATIVE\node_modules\react-native-reanimated\android\build\intermediates\cxx\Debug\5kw1mf41\obj\x86\libreactnative.so' failed. Doing a slower copy instead.
C/C++: Hard link from 'C:\Users\paval\.gradle\caches\9.3.1\transforms\65765d2660fc0221f7968a137a7f2299\workspace\transformed\react-android-0.86.0-debug\prefab\modules\reactnative\libs\android.x86\libreactnative.so' to 'X:\Development\SIMBA\MOBILE_APP_REACT_NATIVE\node_modules\react-native-reanimated\android\build\intermediates\cxx\Debug\5kw1mf41\obj\x86\libreactnative.so' failed. Doing a slower copy instead.

> Task :react-native-reanimated:buildCMakeDebug[x86_64][reanimated]
C/C++: Hard link from 'C:\Users\paval\.gradle\caches\9.3.1\transforms\65765d2660fc0221f7968a137a7f2299\workspace\transformed\react-android-0.86.0-debug\prefab\modules\reactnative\libs\android.x86_64\libreactnative.so' to 'X:\Development\SIMBA\MOBILE_APP_REACT_NATIVE\node_modules\react-native-reanimated\android\build\intermediates\cxx\Debug\5kw1mf41\obj\x86_64\libreactnative.so' failed. Doing a slower copy instead.
C/C++: Hard link from 'C:\Users\paval\.gradle\caches\9.3.1\transforms\65765d2660fc0221f7968a137a7f2299\workspace\transformed\react-android-0.86.0-debug\prefab\modules\reactnative\libs\android.x86_64\libreactnative.so' to 'X:\Development\SIMBA\MOBILE_APP_REACT_NATIVE\node_modules\react-native-reanimated\android\build\intermediates\cxx\Debug\5kw1mf41\obj\x86_64\libreactnative.so' failed. Doing a slower copy instead.

> Task :react-native-worklets:mergeDebugJniLibFolders UP-TO-DATE
> Task :react-native-worklets:mergeDebugNativeLibs UP-TO-DATE
> Task :react-native-worklets:copyDebugJniLibsProjectOnly UP-TO-DATE
> Task :react-native-reanimated:externalNativeBuildDebug
> Task :react-native-reanimated:prefabDebugPackage UP-TO-DATE

> Task :app:buildCMakeDebug[arm64-v8a]
C/C++: Hard link from 'C:\Users\paval\.gradle\caches\9.3.1\transforms\65765d2660fc0221f7968a137a7f2299\workspace\transformed\react-android-0.86.0-debug\prefab\modules\reactnative\libs\android.arm64-v8a\libreactnative.so' to 'X:\Development\SIMBA\MOBILE_APP_REACT_NATIVE\android\app\build\intermediates\cxx\Debug\455e4b3r\obj\arm64-v8a\libreactnative.so' failed. Doing a slower copy instead.
C/C++: Hard link from 'C:\Users\paval\.gradle\caches\9.3.1\transforms\65765d2660fc0221f7968a137a7f2299\workspace\transformed\react-android-0.86.0-debug\prefab\modules\reactnative\libs\android.arm64-v8a\libreactnative.so' to 'X:\Development\SIMBA\MOBILE_APP_REACT_NATIVE\android\app\build\intermediates\cxx\Debug\455e4b3r\obj\arm64-v8a\libreactnative.so' failed. Doing a slower copy instead.

> Task :app:configureCMakeDebug[x86_64]

> Task :app:buildCMakeDebug[x86_64]
C/C++: Hard link from 'C:\Users\paval\.gradle\caches\9.3.1\transforms\65765d2660fc0221f7968a137a7f2299\workspace\transformed\react-android-0.86.0-debug\prefab\modules\reactnative\libs\android.x86_64\libreactnative.so' to 'X:\Development\SIMBA\MOBILE_APP_REACT_NATIVE\android\app\build\intermediates\cxx\Debug\455e4b3r\obj\x86_64\libreactnative.so' failed. Doing a slower copy instead.
C/C++: Hard link from 'C:\Users\paval\.gradle\caches\9.3.1\transforms\65765d2660fc0221f7968a137a7f2299\workspace\transformed\react-android-0.86.0-debug\prefab\modules\reactnative\libs\android.x86_64\libreactnative.so' to 'X:\Development\SIMBA\MOBILE_APP_REACT_NATIVE\android\app\build\intermediates\cxx\Debug\455e4b3r\obj\x86_64\libreactnative.so' failed. Doing a slower copy instead.

> Task :app:mergeDebugJniLibFolders UP-TO-DATE
> Task :lodev09_react-native-true-sheet:mergeDebugJniLibFolders UP-TO-DATE
> Task :lodev09_react-native-true-sheet:mergeDebugNativeLibs NO-SOURCE
> Task :lodev09_react-native-true-sheet:copyDebugJniLibsProjectOnly UP-TO-DATE
> Task :lottie-react-native:mergeDebugJniLibFolders UP-TO-DATE
> Task :lottie-react-native:mergeDebugNativeLibs NO-SOURCE
> Task :lottie-react-native:copyDebugJniLibsProjectOnly UP-TO-DATE
> Task :react-native-async-storage_async-storage:mergeDebugJniLibFolders UP-TO-DATE
> Task :react-native-async-storage_async-storage:mergeDebugNativeLibs NO-SOURCE
> Task :react-native-async-storage_async-storage:copyDebugJniLibsProjectOnly UP-TO-DATE
> Task :react-native-clipboard_clipboard:mergeDebugJniLibFolders UP-TO-DATE
> Task :react-native-clipboard_clipboard:mergeDebugNativeLibs NO-SOURCE
> Task :react-native-clipboard_clipboard:copyDebugJniLibsProjectOnly UP-TO-DATE
> Task :react-native-community_blur:mergeDebugJniLibFolders UP-TO-DATE
> Task :react-native-community_blur:mergeDebugNativeLibs NO-SOURCE
> Task :react-native-community_blur:copyDebugJniLibsProjectOnly UP-TO-DATE
> Task :react-native-community_geolocation:mergeDebugJniLibFolders UP-TO-DATE
> Task :react-native-community_geolocation:mergeDebugNativeLibs NO-SOURCE
> Task :react-native-community_geolocation:copyDebugJniLibsProjectOnly UP-TO-DATE
> Task :react-native-community_slider:mergeDebugJniLibFolders UP-TO-DATE
> Task :react-native-community_slider:mergeDebugNativeLibs NO-SOURCE
> Task :react-native-community_slider:copyDebugJniLibsProjectOnly UP-TO-DATE
> Task :react-native-config:mergeDebugJniLibFolders UP-TO-DATE
> Task :react-native-config:mergeDebugNativeLibs NO-SOURCE
> Task :react-native-config:copyDebugJniLibsProjectOnly UP-TO-DATE
> Task :react-native-documents_picker:mergeDebugJniLibFolders UP-TO-DATE
> Task :react-native-documents_picker:mergeDebugNativeLibs NO-SOURCE
> Task :react-native-documents_picker:copyDebugJniLibsProjectOnly UP-TO-DATE
> Task :react-native-fast-image:mergeDebugJniLibFolders UP-TO-DATE
> Task :react-native-fast-image:mergeDebugNativeLibs NO-SOURCE
> Task :react-native-fast-image:copyDebugJniLibsProjectOnly UP-TO-DATE
> Task :react-native-fs:mergeDebugJniLibFolders UP-TO-DATE
> Task :react-native-fs:mergeDebugNativeLibs NO-SOURCE
> Task :react-native-fs:copyDebugJniLibsProjectOnly UP-TO-DATE
> Task :react-native-gesture-handler:configureCMakeDebug[arm64-v8a]
> Task :react-native-gesture-handler:buildCMakeDebug[arm64-v8a]
> Task :react-native-gesture-handler:configureCMakeDebug[armeabi-v7a]
> Task :react-native-gesture-handler:buildCMakeDebug[armeabi-v7a]
> Task :react-native-gesture-handler:configureCMakeDebug[x86]
> Task :react-native-gesture-handler:buildCMakeDebug[x86]
> Task :react-native-gesture-handler:configureCMakeDebug[x86_64]
> Task :react-native-gesture-handler:buildCMakeDebug[x86_64]
> Task :react-native-gesture-handler:mergeDebugJniLibFolders UP-TO-DATE
> Task :react-native-gesture-handler:mergeDebugNativeLibs UP-TO-DATE
> Task :react-native-gesture-handler:copyDebugJniLibsProjectOnly UP-TO-DATE
> Task :react-native-google-signin_google-signin:mergeDebugJniLibFolders UP-TO-DATE
> Task :react-native-google-signin_google-signin:mergeDebugNativeLibs NO-SOURCE
> Task :react-native-google-signin_google-signin:copyDebugJniLibsProjectOnly UP-TO-DATE
> Task :react-native-haptic-feedback:mergeDebugJniLibFolders UP-TO-DATE
> Task :react-native-haptic-feedback:mergeDebugNativeLibs NO-SOURCE
> Task :react-native-haptic-feedback:copyDebugJniLibsProjectOnly UP-TO-DATE
> Task :react-native-linear-gradient:mergeDebugJniLibFolders UP-TO-DATE
> Task :react-native-linear-gradient:mergeDebugNativeLibs NO-SOURCE
> Task :react-native-linear-gradient:copyDebugJniLibsProjectOnly UP-TO-DATE
> Task :react-native-localize:mergeDebugJniLibFolders UP-TO-DATE
> Task :react-native-localize:mergeDebugNativeLibs NO-SOURCE
> Task :react-native-localize:copyDebugJniLibsProjectOnly UP-TO-DATE
> Task :react-native-mmkv:configureCMakeDebug[arm64-v8a]

> Task :react-native-mmkv:buildCMakeDebug[arm64-v8a]
C/C++: Hard link from 'C:\Users\paval\.gradle\caches\9.3.1\transforms\65765d2660fc0221f7968a137a7f2299\workspace\transformed\react-android-0.86.0-debug\prefab\modules\reactnative\libs\android.arm64-v8a\libreactnative.so' to 'X:\Development\SIMBA\MOBILE_APP_REACT_NATIVE\node_modules\react-native-mmkv\android\build\intermediates\cxx\Debug\50384p3t\obj\arm64-v8a\libreactnative.so' failed. Doing a slower copy instead.
C/C++: Hard link from 'C:\Users\paval\.gradle\caches\9.3.1\transforms\65765d2660fc0221f7968a137a7f2299\workspace\transformed\react-android-0.86.0-debug\prefab\modules\reactnative\libs\android.arm64-v8a\libreactnative.so' to 'X:\Development\SIMBA\MOBILE_APP_REACT_NATIVE\node_modules\react-native-mmkv\android\build\intermediates\cxx\Debug\50384p3t\obj\arm64-v8a\libreactnative.so' failed. Doing a slower copy instead.

> Task :react-native-mmkv:configureCMakeDebug[armeabi-v7a]

> Task :react-native-mmkv:buildCMakeDebug[armeabi-v7a]
C/C++: Hard link from 'C:\Users\paval\.gradle\caches\9.3.1\transforms\65765d2660fc0221f7968a137a7f2299\workspace\transformed\react-android-0.86.0-debug\prefab\modules\reactnative\libs\android.armeabi-v7a\libreactnative.so' to 'X:\Development\SIMBA\MOBILE_APP_REACT_NATIVE\node_modules\react-native-mmkv\android\build\intermediates\cxx\Debug\50384p3t\obj\armeabi-v7a\libreactnative.so' failed. Doing a slower copy instead.
C/C++: Hard link from 'C:\Users\paval\.gradle\caches\9.3.1\transforms\65765d2660fc0221f7968a137a7f2299\workspace\transformed\react-android-0.86.0-debug\prefab\modules\reactnative\libs\android.armeabi-v7a\libreactnative.so' to 'X:\Development\SIMBA\MOBILE_APP_REACT_NATIVE\node_modules\react-native-mmkv\android\build\intermediates\cxx\Debug\50384p3t\obj\armeabi-v7a\libreactnative.so' failed. Doing a slower copy instead.

> Task :react-native-mmkv:configureCMakeDebug[x86]

> Task :react-native-mmkv:buildCMakeDebug[x86]
C/C++: Hard link from 'C:\Users\paval\.gradle\caches\9.3.1\transforms\65765d2660fc0221f7968a137a7f2299\workspace\transformed\react-android-0.86.0-debug\prefab\modules\reactnative\libs\android.x86\libreactnative.so' to 'X:\Development\SIMBA\MOBILE_APP_REACT_NATIVE\node_modules\react-native-mmkv\android\build\intermediates\cxx\Debug\50384p3t\obj\x86\libreactnative.so' failed. Doing a slower copy instead.
C/C++: Hard link from 'C:\Users\paval\.gradle\caches\9.3.1\transforms\65765d2660fc0221f7968a137a7f2299\workspace\transformed\react-android-0.86.0-debug\prefab\modules\reactnative\libs\android.x86\libreactnative.so' to 'X:\Development\SIMBA\MOBILE_APP_REACT_NATIVE\node_modules\react-native-mmkv\android\build\intermediates\cxx\Debug\50384p3t\obj\x86\libreactnative.so' failed. Doing a slower copy instead.

> Task :react-native-mmkv:configureCMakeDebug[x86_64]

> Task :react-native-mmkv:buildCMakeDebug[x86_64]
C/C++: Hard link from 'C:\Users\paval\.gradle\caches\9.3.1\transforms\65765d2660fc0221f7968a137a7f2299\workspace\transformed\react-android-0.86.0-debug\prefab\modules\reactnative\libs\android.x86_64\libreactnative.so' to 'X:\Development\SIMBA\MOBILE_APP_REACT_NATIVE\node_modules\react-native-mmkv\android\build\intermediates\cxx\Debug\50384p3t\obj\x86_64\libreactnative.so' failed. Doing a slower copy instead.
C/C++: Hard link from 'C:\Users\paval\.gradle\caches\9.3.1\transforms\65765d2660fc0221f7968a137a7f2299\workspace\transformed\react-android-0.86.0-debug\prefab\modules\reactnative\libs\android.x86_64\libreactnative.so' to 'X:\Development\SIMBA\MOBILE_APP_REACT_NATIVE\node_modules\react-native-mmkv\android\build\intermediates\cxx\Debug\50384p3t\obj\x86_64\libreactnative.so' failed. Doing a slower copy instead.

> Task :react-native-mmkv:mergeDebugJniLibFolders UP-TO-DATE
> Task :react-native-mmkv:mergeDebugNativeLibs UP-TO-DATE
> Task :react-native-mmkv:copyDebugJniLibsProjectOnly UP-TO-DATE
> Task :react-native-nitro-modules:mergeDebugJniLibFolders UP-TO-DATE
> Task :react-native-nitro-modules:mergeDebugNativeLibs UP-TO-DATE
> Task :react-native-nitro-modules:copyDebugJniLibsProjectOnly UP-TO-DATE
> Task :react-native-orientation-locker:mergeDebugJniLibFolders UP-TO-DATE
> Task :react-native-orientation-locker:mergeDebugNativeLibs NO-SOURCE
> Task :react-native-orientation-locker:copyDebugJniLibsProjectOnly UP-TO-DATE
> Task :react-native-pager-view:mergeDebugJniLibFolders UP-TO-DATE
> Task :react-native-pager-view:mergeDebugNativeLibs NO-SOURCE
> Task :react-native-pager-view:copyDebugJniLibsProjectOnly UP-TO-DATE
> Task :react-native-reanimated:mergeDebugJniLibFolders UP-TO-DATE
> Task :react-native-reanimated:mergeDebugNativeLibs UP-TO-DATE
> Task :react-native-reanimated:copyDebugJniLibsProjectOnly UP-TO-DATE
> Task :react-native-safe-area-context:mergeDebugJniLibFolders UP-TO-DATE
> Task :react-native-safe-area-context:mergeDebugNativeLibs NO-SOURCE
> Task :react-native-safe-area-context:copyDebugJniLibsProjectOnly UP-TO-DATE
> Task :react-native-screens:configureCMakeDebug[arm64-v8a]
> Task :react-native-screens:buildCMakeDebug[arm64-v8a]
> Task :react-native-screens:configureCMakeDebug[armeabi-v7a]
> Task :react-native-screens:buildCMakeDebug[armeabi-v7a]
> Task :react-native-screens:configureCMakeDebug[x86]
> Task :react-native-screens:buildCMakeDebug[x86]
> Task :react-native-screens:configureCMakeDebug[x86_64]
> Task :react-native-screens:buildCMakeDebug[x86_64]
> Task :react-native-screens:mergeDebugJniLibFolders UP-TO-DATE
> Task :react-native-screens:mergeDebugNativeLibs UP-TO-DATE
> Task :react-native-screens:copyDebugJniLibsProjectOnly UP-TO-DATE
> Task :react-native-svg:mergeDebugJniLibFolders UP-TO-DATE
> Task :react-native-svg:mergeDebugNativeLibs NO-SOURCE
> Task :react-native-svg:copyDebugJniLibsProjectOnly UP-TO-DATE
> Task :react-native-vector-icons:mergeDebugJniLibFolders UP-TO-DATE
> Task :react-native-vector-icons:mergeDebugNativeLibs NO-SOURCE
> Task :react-native-vector-icons:copyDebugJniLibsProjectOnly UP-TO-DATE
> Task :app:mergeDebugNativeLibs UP-TO-DATE
> Task :app:stripDebugDebugSymbols UP-TO-DATE
> Task :app:validateSigningDebug UP-TO-DATE
> Task :app:writeDebugAppMetadata UP-TO-DATE
> Task :app:writeDebugSigningConfigVersions UP-TO-DATE
> Task :app:packageDebug
> Task :app:createDebugApkListingFileRedirect UP-TO-DATE
> Task :app:assembleDebug

[Incubating] Problems report is available at: file:///X:/Development/SIMBA/MOBILE_APP_REACT_NATIVE/android/build/reports/problems/problems-report.html

Deprecated Gradle features were used in this build, making it incompatible with Gradle 10.

You can use '--warning-mode all' to show the individual deprecation warnings and determine if they come from your own scripts or plugins.

For more on this, please refer to https://docs.gradle.org/9.3.1/userguide/command_line_interface.html#sec:command_line_warnings in the Gradle documentation.

BUILD SUCCESSFUL in 3m 28s
694 actionable tasks: 71 executed, 623 up-to-date
Consider enabling configuration cache to speed up this build: https://docs.gradle.org/9.3.1/userguide/configuration_cache_enabling.html

BUILD_EXIT=0
