URL=https://prod-1.storage.jamendo.com/?trackid=1593988&format=mp31&from=%2FV3E9Qwm8kkOD6hbkNYXkg%3D%3D%7CMJJdmScXeWFhFQqasgwXjQ%3D%3D
--- curl headers ---
  % Total    % Received % Xferd  Average Speed  Time    Time    Time   Current
                                 Dload  Upload  Total   Spent   Left   Speed

  0      0   0      0   0      0      0      0                              0
  0  1.72M   0      0   0      0      0      0           00:01              0
  0  1.72M   0      0   0      0      0      0           00:01              0
  0  1.72M   0      0   0      0      0      0           00:01              0
  0  1.72M   0      0   0      0      0      0           00:01              0
HTTP/1.1 200 OK
Server: nginx
Date: Sat, 22 Aug 2026 12:39:06 GMT
Content-Length: 1810944
Connection: close
Content-Security-Policy: block-all-mixed-content
ETag: "c438e091e699ebec9e98524924db8fc9"
Last-Modified: Tue, 12 Jul 2022 04:00:47 GMT
No-Gzip-Compression: true
Strict-Transport-Security: max-age=31536000; includeSubDomains
Vary: Origin
Vary: Accept-Encoding
X-Xss-Protection: 1; mode=block
Content-Type: audio/mpeg
Accept-Ranges: bytes

--- curl byte probe ---
  % Total    % Received % Xferd  Average Speed  Time    Time    Time   Current
                                 Dload  Upload  Total   Spent   Left   Speed

  0      0   0      0   0      0      0      0                              0
100   1024 100   1024   0      0   1188      0                              0
100   1024 100   1024   0      0   1188      0                              0
100   1024 100   1024   0      0   1188      0                              0
http=206 content_type=audio/mpeg size=1024 remote=https://prod-1.storage.jamendo.com/?trackid=1593988&format=mp31&from=%2FV3E9Qwm8kkOD6hbkNYXkg%3D%3D%7CMJJdmScXeWFhFQqasgwXjQ%3D%3D ssl_verify=0
