08-22 16:01:03.839 W/MpvBridgeModule(21702): Already initialized
08-22 16:01:03.855 I/ReactNativeJS(21702):         duration: 0,
08-22 16:01:03.855 I/ReactNativeJS(21702):           duration: 156,
08-22 16:01:03.855 I/ReactNativeJS(21702):      duration: 0,
08-22 16:01:03.855 I/ReactNativeJS(21702):           duration: 0,
08-22 16:01:03.855 I/ReactNativeJS(21702):           duration: 0,
08-22 16:01:03.855 I/ReactNativeJS(21702):           duration: 0,
08-22 16:01:03.855 I/ReactNativeJS(21702):           duration: 0,
08-22 16:01:03.857 I/ReactNativeJS(21702):      duration: 0,
08-22 16:01:03.865 I/ReactNativeJS(21702):         duration: 0,
08-22 16:01:03.865 I/ReactNativeJS(21702):           duration: 156,
08-22 16:01:03.865 I/ReactNativeJS(21702):      duration: 0,
08-22 16:01:03.865 I/ReactNativeJS(21702):           duration: 0,
08-22 16:01:03.865 I/ReactNativeJS(21702):           duration: 0,
08-22 16:01:03.865 I/ReactNativeJS(21702):           duration: 0,
08-22 16:01:03.865 I/ReactNativeJS(21702):           duration: 0,
08-22 16:01:03.879 I/ReactNativeJS(21702):         duration: 0,
08-22 16:01:03.879 I/ReactNativeJS(21702):           duration: 156,
08-22 16:01:03.879 I/ReactNativeJS(21702):      duration: 0,
08-22 16:01:03.879 I/ReactNativeJS(21702):           duration: 0,
08-22 16:01:03.879 I/ReactNativeJS(21702):           duration: 0,
08-22 16:01:03.879 I/ReactNativeJS(21702):           duration: 0,
08-22 16:01:03.879 I/ReactNativeJS(21702):           duration: 0,
08-22 16:01:03.902 I/ReactNativeJS(21702):         duration: 0,
08-22 16:01:03.902 I/ReactNativeJS(21702):           duration: 156,
08-22 16:01:03.902 I/ReactNativeJS(21702):      duration: 0,
08-22 16:01:03.902 I/ReactNativeJS(21702):           duration: 0,
08-22 16:01:03.902 I/ReactNativeJS(21702):           duration: 0,
08-22 16:01:03.902 I/ReactNativeJS(21702):           duration: 0,
08-22 16:01:03.902 I/ReactNativeJS(21702):           duration: 0,
08-22 16:01:03.914 I/MpvProperty(21702): Observing property: cache-buffering-state (id=4060560534374325851)
08-22 16:01:03.914 I/MpvProperty(21702): Observing property: paused-for-cache (id=5839792331034341279)
08-22 16:01:07.611 I/ReactNativeJS(21702):         duration: 0,
08-22 16:01:07.611 I/ReactNativeJS(21702):           duration: 156,
08-22 16:01:07.611 I/ReactNativeJS(21702):      duration: 0,
08-22 16:01:07.611 I/ReactNativeJS(21702):           duration: 0,
08-22 16:01:07.611 I/ReactNativeJS(21702):           duration: 0,
08-22 16:01:07.611 I/ReactNativeJS(21702):           duration: 0,
08-22 16:01:07.611 I/ReactNativeJS(21702):           duration: 0,
08-22 16:01:07.619 I/ReactNativeJS(21702):         duration: 0,
08-22 16:01:07.619 I/ReactNativeJS(21702):           duration: 156,
08-22 16:01:07.619 I/ReactNativeJS(21702):      duration: 0,
08-22 16:01:07.619 I/ReactNativeJS(21702):           duration: 0,
08-22 16:01:07.619 I/ReactNativeJS(21702):           duration: 0,
08-22 16:01:07.619 I/ReactNativeJS(21702):           duration: 0,
08-22 16:01:07.619 I/ReactNativeJS(21702):           duration: 0,
08-22 16:01:07.624 I/MpvBridgeModule(21702): MediaNotificationService started: null
