08-22 17:16:11.076 Bridge/getDuration
08-22 17:16:11.717 JS/loadFile:call
08-22 17:16:11.721 JS/loadFile:return
08-22 17:16:11.722 Bridge/loadFile
08-22 17:16:11.957 Native/getDuration
08-22 17:16:11.958 Bridge/getDuration
08-22 17:16:12.653 Controller/fallback-resume
08-22 17:16:12.653 JS/resume:call
08-22 17:16:12.678 Native/play
08-22 17:16:12.678 Bridge/play
08-22 17:16:12.977 Native/getDuration
08-22 17:16:12.977 Bridge/getDuration
08-22 17:16:13.236 Native/getDuration
08-22 17:16:13.237 Bridge/getDuration
08-22 17:16:13.237 Bridge/getPlaybackState
08-22 17:16:13.245 Native/getDuration
08-22 17:16:13.245 Bridge/getDuration
08-22 17:16:13.723 Controller/event:onFileLoaded
08-22 17:16:13.725 Controller/onFileLoaded:resume
08-22 17:16:13.725 JS/resume:call
08-22 17:16:13.879 Native/getDuration
08-22 17:16:13.879 Native/play
08-22 17:16:13.879 Bridge/play
08-22 17:16:13.882 Bridge/getDuration
08-22 17:16:14.123 Native/getDuration
08-22 17:16:14.123 Bridge/getDuration
08-22 17:16:14.123 Bridge/getPlaybackState
08-22 17:16:14.168 Native/getDuration
08-22 17:16:14.168 Bridge/getDuration
08-22 17:16:14.414 Native/getDuration
08-22 17:16:14.414 Bridge/getDuration
08-22 17:16:14.414 Bridge/getPlaybackState
08-22 17:16:14.494 Native/getDuration
08-22 17:16:14.494 Bridge/getDuration
08-22 17:16:14.720 Native/getDuration
08-22 17:16:14.720 Bridge/getDuration
08-22 17:16:14.997 Native/getDuration
08-22 17:16:14.999 Bridge/getDuration
08-22 17:16:14.999 Bridge/getPlaybackState
08-22 17:16:15.020 Native/getDuration
08-22 17:16:15.020 Bridge/getDuration
08-22 17:16:15.508 Native/getDuration
08-22 17:16:15.509 Bridge/getDuration
08-22 17:16:15.509 Bridge/getPlaybackState
08-22 17:16:15.513 Controller/loadAndResume:before
08-22 17:16:15.514 JS/loadFile:call
08-22 17:16:15.514 JS/loadFile:return
08-22 17:16:15.515 Controller/loadAndResume:loaded
08-22 17:16:15.515 Bridge/loadFile
08-22 17:16:15.521 JS/resume:call
08-22 17:16:15.544 Native/play
08-22 17:16:15.544 Bridge/play
08-22 17:16:15.546 Controller/loadAndResume:resumed
08-22 17:16:15.635 Native/getDuration
08-22 17:16:15.635 Bridge/getDuration
08-22 17:16:15.970 JS/resume:call
08-22 17:16:15.970 Native/getDuration
08-22 17:16:15.970 Bridge/getDuration
08-22 17:16:15.973 Native/play
08-22 17:16:15.973 Bridge/play
08-22 17:16:15.974 Bridge/getPlaybackState
08-22 17:16:16.026 Native/getDuration
08-22 17:16:16.026 Bridge/getDuration
08-22 17:16:16.328 Native/getDuration
08-22 17:16:16.329 Bridge/getDuration
08-22 17:16:16.331 Bridge/getPlaybackState
08-22 17:16:16.563 Native/getDuration
08-22 17:16:16.564 Bridge/getDuration
08-22 17:16:16.564 Bridge/getPlaybackState
08-22 17:16:16.717 Native/getDuration
08-22 17:16:16.717 Bridge/getDuration
08-22 17:16:17.392 Native/getDuration
08-22 17:16:17.392 Bridge/getDuration
08-22 17:16:17.392 Bridge/getPlaybackState
08-22 17:16:17.651 Controller/event:onFileLoaded
08-22 17:16:17.791 Native/getDuration
08-22 17:16:17.791 Bridge/getDuration
08-22 17:16:18.197 Native/getDuration
08-22 17:16:18.197 Bridge/getDuration
08-22 17:16:18.197 Bridge/getPlaybackState
08-22 17:16:18.211 Native/getDuration
08-22 17:16:18.211 Bridge/getDuration
08-22 17:16:18.629 Native/getDuration
08-22 17:16:18.629 Bridge/getDuration
08-22 17:16:18.629 Bridge/getPlaybackState
08-22 17:16:18.645 Native/getDuration
08-22 17:16:18.645 Bridge/getDuration
08-22 17:16:19.074 Native/getDuration
08-22 17:16:19.074 Bridge/getDuration
08-22 17:16:19.074 Bridge/getPlaybackState
08-22 17:16:19.108 Native/getDuration
08-22 17:16:19.108 Bridge/getDuration
08-22 17:16:19.443 Native/getDuration
08-22 17:16:19.443 Bridge/getDuration
08-22 17:16:19.443 Bridge/getPlaybackState
08-22 17:16:19.458 Native/getDuration
08-22 17:16:19.458 Bridge/getDuration
08-22 17:16:20.077 Native/getDuration
08-22 17:16:20.077 Bridge/getDuration
08-22 17:16:20.077 Bridge/getPlaybackState
08-22 17:16:20.093 Native/getDuration
08-22 17:16:20.094 Bridge/getDuration
08-22 17:16:20.482 Native/getDuration
08-22 17:16:20.482 Bridge/getDuration
08-22 17:16:20.706 Native/getDuration
08-22 17:16:20.706 Bridge/getDuration
08-22 17:16:20.706 Bridge/getPlaybackState
08-22 17:16:20.718 Native/getDuration
08-22 17:16:20.719 Bridge/getDuration
08-22 17:16:21.018 Controller/loadAndResume:before
08-22 17:16:21.019 JS/loadFile:call
08-22 17:16:21.022 Bridge/loadFile
08-22 17:16:21.022 JS/loadFile:return
08-22 17:16:21.022 Controller/loadAndResume:loaded
08-22 17:16:21.022 JS/resume:call
08-22 17:16:21.023 Controller/loadAndResume:resumed
08-22 17:16:21.055 Native/play
08-22 17:16:21.055 Bridge/play
08-22 17:16:21.055 Native/getDuration
08-22 17:16:21.055 Bridge/getDuration
08-22 17:16:21.060 Bridge/getPlaybackState
08-22 17:16:21.086 Native/getDuration
08-22 17:16:21.086 Bridge/getDuration
08-22 17:16:21.453 JS/resume:call
08-22 17:16:21.455 Native/play
08-22 17:16:21.455 Bridge/play
08-22 17:16:21.494 Native/getDuration
08-22 17:16:21.495 Bridge/getDuration
08-22 17:16:21.497 Bridge/getPlaybackState
08-22 17:16:22.021 Native/getDuration
08-22 17:16:22.021 Bridge/getDuration
08-22 17:16:22.022 Bridge/getPlaybackState
08-22 17:16:22.417 Controller/event:onFileLoaded
08-22 17:16:22.505 Native/getDuration
08-22 17:16:22.505 Bridge/getDuration
08-22 17:16:22.522 Bridge/getPlaybackState
08-22 17:16:22.542 Native/getDuration
08-22 17:16:22.542 Bridge/getDuration
08-22 17:16:22.762 Native/getDuration
08-22 17:16:22.763 Bridge/getDuration
08-22 17:16:22.952 Native/getDuration
08-22 17:16:22.952 Bridge/getDuration
08-22 17:16:23.097 Native/getDuration
08-22 17:16:23.097 Bridge/getDuration
08-22 17:16:23.097 Bridge/getPlaybackState
08-22 17:16:23.108 Native/getDuration
08-22 17:16:23.108 Bridge/getDuration
08-22 17:16:23.338 Native/getDuration
08-22 17:16:23.338 Bridge/getDuration
08-22 17:16:23.527 Native/getDuration
08-22 17:16:23.527 Bridge/getDuration
08-22 17:16:23.527 Bridge/getPlaybackState
08-22 17:16:23.549 Native/getDuration
08-22 17:16:23.550 Bridge/getDuration
08-22 17:16:23.799 Native/getDuration
08-22 17:16:23.800 Bridge/getDuration
08-22 17:16:24.033 Native/getDuration
08-22 17:16:24.033 Bridge/getDuration
08-22 17:16:24.377 Native/getDuration
08-22 17:16:24.377 Bridge/getDuration
08-22 17:16:24.378 Bridge/getPlaybackState
08-22 17:16:24.399 Native/getDuration
08-22 17:16:24.399 Bridge/getDuration
08-22 17:16:24.660 Native/getDuration
08-22 17:16:24.660 Bridge/getDuration
08-22 17:16:24.660 Bridge/getPlaybackState
08-22 17:16:24.674 Native/getDuration
08-22 17:16:24.674 Bridge/getDuration
08-22 17:16:24.853 Native/getDuration
08-22 17:16:24.853 Bridge/getDuration
08-22 17:16:25.031 Native/getDuration
08-22 17:16:25.031 Bridge/getDuration
08-22 17:16:25.257 Native/getDuration
08-22 17:16:25.257 Bridge/getDuration
08-22 17:16:25.257 Bridge/getPlaybackState
08-22 17:16:25.281 Native/getDuration
08-22 17:16:25.281 Bridge/getDuration
08-22 17:16:25.523 Native/getDuration
08-22 17:16:25.523 Bridge/getDuration
08-22 17:16:25.524 Bridge/getPlaybackState
08-22 17:16:25.690 Native/getDuration
08-22 17:16:25.690 Bridge/getDuration
08-22 17:16:25.910 Native/getDuration
08-22 17:16:25.910 Bridge/getDuration
08-22 17:16:26.089 Native/getDuration
08-22 17:16:26.090 Bridge/getDuration
08-22 17:16:26.090 Bridge/getPlaybackState
08-22 17:16:26.098 Native/getDuration
08-22 17:16:26.098 Bridge/getDuration
08-22 17:16:26.536 Native/getDuration
08-22 17:16:26.536 Bridge/getDuration
08-22 17:16:26.536 Bridge/getPlaybackState
08-22 17:16:26.695 Native/getDuration
08-22 17:16:26.697 Bridge/getDuration
08-22 17:16:26.946 Native/getDuration
08-22 17:16:26.946 Bridge/getDuration
08-22 17:16:27.251 Native/getDuration
08-22 17:16:27.251 Bridge/getDuration
08-22 17:16:27.252 Bridge/getPlaybackState
08-22 17:16:27.265 Native/getDuration
08-22 17:16:27.265 Bridge/getDuration
08-22 17:16:27.555 Native/getDuration
08-22 17:16:27.555 Bridge/getDuration
08-22 17:16:27.555 Bridge/getPlaybackState
08-22 17:16:27.605 Native/getDuration
08-22 17:16:27.605 Bridge/getDuration
08-22 17:16:27.851 Native/getDuration
08-22 17:16:27.851 Bridge/getDuration
08-22 17:16:28.119 Native/getDuration
08-22 17:16:28.119 Bridge/getDuration
08-22 17:16:28.119 Bridge/getPlaybackState
08-22 17:16:28.121 Native/getDuration
08-22 17:16:28.121 Bridge/getDuration
08-22 17:16:28.435 Controller/loadAndResume:before
08-22 17:16:28.436 JS/loadFile:call
08-22 17:16:28.438 Bridge/loadFile
08-22 17:16:28.438 JS/loadFile:return
08-22 17:16:28.439 Controller/loadAndResume:loaded
08-22 17:16:28.439 JS/resume:call
08-22 17:16:28.439 Controller/loadAndResume:resumed
08-22 17:16:28.450 Native/play
08-22 17:16:28.450 Bridge/play
08-22 17:16:28.568 Native/getDuration
08-22 17:16:28.568 Bridge/getDuration
08-22 17:16:28.568 Bridge/getPlaybackState
08-22 17:16:28.702 JS/resume:call
08-22 17:16:28.704 Native/play
08-22 17:16:28.704 Bridge/play
08-22 17:16:29.138 Native/getDuration
08-22 17:16:29.138 Bridge/getDuration
08-22 17:16:29.141 Bridge/getPlaybackState
08-22 17:16:29.147 Native/getDuration
08-22 17:16:29.147 Bridge/getDuration
08-22 17:16:29.362 Native/dispatch:error
08-22 17:16:29.363 Bridge/listener:error
08-22 17:16:29.436 Native/getDuration
08-22 17:16:29.436 Bridge/getDuration
08-22 17:16:29.827 Native/getDuration
08-22 17:16:29.827 Bridge/getDuration
08-22 17:16:29.850 Native/getDuration
08-22 17:16:29.850 Bridge/getDuration
08-22 17:16:30.152 Native/getDuration
08-22 17:16:30.152 Bridge/getDuration
08-22 17:16:30.155 Native/getDuration
08-22 17:16:30.155 Bridge/getDuration
08-22 17:16:30.603 Native/getDuration
08-22 17:16:30.603 Bridge/getDuration
08-22 17:16:30.935 Controller/loadAndResume:before
08-22 17:16:30.936 JS/loadFile:call
08-22 17:16:30.937 Bridge/loadFile
08-22 17:16:30.937 JS/loadFile:return
08-22 17:16:30.939 Controller/loadAndResume:loaded
08-22 17:16:30.940 JS/resume:call
08-22 17:16:30.941 Controller/loadAndResume:resumed
08-22 17:16:30.941 Native/play
08-22 17:16:30.941 Bridge/play
08-22 17:16:31.170 Native/getDuration
08-22 17:16:31.170 Bridge/getDuration
08-22 17:16:31.170 Bridge/getPlaybackState
08-22 17:16:31.173 Native/getDuration
08-22 17:16:31.173 Bridge/getDuration
08-22 17:16:31.296 JS/resume:call
08-22 17:16:31.296 Native/play
08-22 17:16:31.296 Bridge/play
08-22 17:16:31.353 Controller/loadAndResume:before
08-22 17:16:31.354 JS/loadFile:call
08-22 17:16:31.355 Bridge/loadFile
08-22 17:16:31.355 JS/loadFile:return
08-22 17:16:31.355 Controller/loadAndResume:loaded
08-22 17:16:31.357 JS/resume:call
08-22 17:16:31.357 Native/play
08-22 17:16:31.357 Bridge/play
08-22 17:16:31.357 Controller/loadAndResume:resumed
08-22 17:16:31.388 Native/dispatch:error
08-22 17:16:31.389 Bridge/listener:error
08-22 17:16:31.619 Native/getDuration
08-22 17:16:31.619 Bridge/getDuration
08-22 17:16:31.619 Bridge/getPlaybackState
08-22 17:16:31.620 JS/resume:call
08-22 17:16:31.623 Native/play
08-22 17:16:31.623 Bridge/play
08-22 17:16:32.187 Native/getDuration
08-22 17:16:32.187 Bridge/getDuration
08-22 17:16:32.187 Bridge/getPlaybackState
08-22 17:16:32.474 Native/dispatch:error
08-22 17:16:32.475 Bridge/listener:error
08-22 17:16:32.508 Native/getDuration
08-22 17:16:32.509 Bridge/getDuration
08-22 17:16:32.746 Native/getDuration
08-22 17:16:32.746 Bridge/getDuration
08-22 17:16:32.792 Native/getDuration
08-22 17:16:32.793 Bridge/getDuration
08-22 17:16:32.963 Controller/loadAndResume:before
08-22 17:16:32.964 JS/loadFile:call
08-22 17:16:32.965 Bridge/loadFile
08-22 17:16:32.965 JS/loadFile:return
08-22 17:16:32.968 Controller/loadAndResume:loaded
08-22 17:16:32.971 JS/resume:call
08-22 17:16:32.972 Controller/loadAndResume:resumed
08-22 17:16:32.972 Native/play
08-22 17:16:32.972 Bridge/play
08-22 17:16:32.975 Controller/loadAndResume:before
08-22 17:16:32.976 JS/loadFile:call
08-22 17:16:32.978 JS/loadFile:return
08-22 17:16:32.979 Controller/loadAndResume:loaded
08-22 17:16:32.980 Bridge/loadFile
08-22 17:16:32.980 JS/resume:call
08-22 17:16:32.981 Controller/loadAndResume:resumed
08-22 17:16:32.982 Native/play
08-22 17:16:32.982 Bridge/play
08-22 17:16:33.202 Native/getDuration
08-22 17:16:33.202 Bridge/getDuration
08-22 17:16:33.202 Bridge/getPlaybackState
08-22 17:16:33.235 JS/resume:call
08-22 17:16:33.235 Native/play
08-22 17:16:33.235 Bridge/play
08-22 17:16:33.237 JS/resume:call
08-22 17:16:33.238 Native/play
08-22 17:16:33.238 Bridge/play
08-22 17:16:33.652 Native/getDuration
08-22 17:16:33.652 Bridge/getDuration
08-22 17:16:33.653 Bridge/getPlaybackState
08-22 17:16:33.990 Controller/event:onFileLoaded
08-22 17:16:34.021 Controller/loadAndResume:before
08-22 17:16:34.021 JS/loadFile:call
08-22 17:16:34.022 JS/loadFile:return
08-22 17:16:34.024 Controller/loadAndResume:loaded
08-22 17:16:34.025 JS/resume:call
08-22 17:16:34.026 Controller/loadAndResume:resumed
08-22 17:16:34.039 Bridge/loadFile
08-22 17:16:34.039 Native/play
08-22 17:16:34.039 Bridge/play
08-22 17:16:34.057 Native/getDuration
08-22 17:16:34.057 Bridge/getDuration
08-22 17:16:34.255 Native/getDuration
08-22 17:16:34.255 Bridge/getDuration
08-22 17:16:34.255 Bridge/getPlaybackState
08-22 17:16:34.286 JS/resume:call
08-22 17:16:34.288 Native/play
08-22 17:16:34.288 Bridge/play
08-22 17:16:34.670 Native/getDuration
08-22 17:16:34.670 Bridge/getDuration
08-22 17:16:34.670 Bridge/getPlaybackState
08-22 17:16:35.130 Native/getDuration
08-22 17:16:35.130 Bridge/getDuration
08-22 17:16:35.281 Controller/event:onFileLoaded
08-22 17:16:35.283 Native/getDuration
08-22 17:16:35.283 Bridge/getDuration
08-22 17:16:35.283 Bridge/getPlaybackState
08-22 17:16:35.292 Native/getDuration
08-22 17:16:35.292 Bridge/getDuration
08-22 17:16:35.466 Native/getDuration
08-22 17:16:35.466 Bridge/getDuration
08-22 17:16:35.597 Controller/loadAndResume:before
08-22 17:16:35.597 JS/loadFile:call
08-22 17:16:35.598 JS/loadFile:return
08-22 17:16:35.598 Controller/loadAndResume:loaded
08-22 17:16:35.599 Bridge/loadFile
08-22 17:16:35.599 JS/resume:call
08-22 17:16:35.600 Controller/loadAndResume:resumed
08-22 17:16:35.632 Native/play
08-22 17:16:35.634 Bridge/play
08-22 17:16:35.686 Native/getDuration
08-22 17:16:35.686 Bridge/getDuration
08-22 17:16:35.686 Bridge/getPlaybackState
08-22 17:16:35.755 Controller/loadAndResume:before
08-22 17:16:35.755 JS/loadFile:call
08-22 17:16:35.756 JS/loadFile:return
08-22 17:16:35.756 Controller/loadAndResume:loaded
08-22 17:16:35.758 JS/resume:call
08-22 17:16:35.766 Controller/loadAndResume:resumed
08-22 17:16:35.766 Bridge/loadFile
08-22 17:16:35.771 Native/play
08-22 17:16:35.771 Bridge/play
08-22 17:16:35.836 Controller/loadAndResume:before
08-22 17:16:35.838 JS/loadFile:call
08-22 17:16:35.839 Bridge/loadFile
08-22 17:16:35.839 JS/loadFile:return
08-22 17:16:35.840 Controller/loadAndResume:loaded
08-22 17:16:35.841 JS/resume:call
08-22 17:16:35.844 Controller/loadAndResume:resumed
08-22 17:16:35.845 Native/play
08-22 17:16:35.845 Bridge/play
08-22 17:16:35.870 JS/resume:call
08-22 17:16:35.871 Native/play
08-22 17:16:35.871 Bridge/play
08-22 17:16:36.021 JS/resume:call
08-22 17:16:36.025 Native/play
08-22 17:16:36.025 Bridge/play
08-22 17:16:36.103 JS/resume:call
08-22 17:16:36.104 Native/play
08-22 17:16:36.104 Bridge/play
08-22 17:16:36.252 Native/getDuration
08-22 17:16:36.252 Bridge/getDuration
08-22 17:16:36.252 Bridge/getPlaybackState
08-22 17:16:36.255 Native/getDuration
08-22 17:16:36.255 Bridge/getDuration
08-22 17:16:36.704 Native/getDuration
08-22 17:16:36.704 Bridge/getDuration
08-22 17:16:36.704 Bridge/getPlaybackState
08-22 17:16:36.891 Native/getDuration
08-22 17:16:36.891 Bridge/getDuration
08-22 17:16:37.406 Controller/event:onFileLoaded
08-22 17:16:37.408 Native/getDuration
08-22 17:16:37.408 Bridge/getDuration
08-22 17:16:37.408 Bridge/getPlaybackState
08-22 17:16:37.411 Controller/loadAndResume:before
08-22 17:16:37.411 JS/loadFile:call
08-22 17:16:37.412 JS/loadFile:return
08-22 17:16:37.413 Controller/loadAndResume:loaded
08-22 17:16:37.413 JS/resume:call
08-22 17:16:37.414 Controller/loadAndResume:resumed
08-22 17:16:37.415 Bridge/loadFile
08-22 17:16:37.438 Native/getDuration
08-22 17:16:37.442 Native/play
08-22 17:16:37.442 Bridge/play
08-22 17:16:37.443 Bridge/getDuration
08-22 17:16:37.730 JS/resume:call
08-22 17:16:37.730 Native/play
08-22 17:16:37.730 Bridge/play
08-22 17:16:37.731 Native/getDuration
08-22 17:16:37.731 Bridge/getDuration
08-22 17:16:37.732 Bridge/getPlaybackState
08-22 17:16:38.286 Native/getDuration
08-22 17:16:38.286 Bridge/getDuration
08-22 17:16:38.287 Bridge/getPlaybackState
08-22 17:16:38.287 Controller/loadAndResume:before
08-22 17:16:38.288 JS/loadFile:call
08-22 17:16:38.288 Bridge/loadFile
08-22 17:16:38.288 JS/loadFile:return
08-22 17:16:38.290 Controller/loadAndResume:loaded
08-22 17:16:38.290 JS/resume:call
08-22 17:16:38.291 Controller/loadAndResume:resumed
08-22 17:16:38.291 Native/play
08-22 17:16:38.291 Bridge/play
08-22 17:16:38.294 Native/getDuration
08-22 17:16:38.294 Bridge/getDuration
08-22 17:16:38.313 Native/dispatch:error
08-22 17:16:38.314 Bridge/listener:error
08-22 17:16:38.478 Native/getDuration
08-22 17:16:38.478 Bridge/getDuration
08-22 17:16:38.737 JS/resume:call
08-22 17:16:38.738 Native/play
08-22 17:16:38.738 Bridge/play
08-22 17:16:38.738 Native/getDuration
08-22 17:16:38.738 Bridge/getDuration
08-22 17:16:38.738 Bridge/getPlaybackState
08-22 17:16:38.766 Controller/loadAndResume:before
08-22 17:16:38.767 JS/loadFile:call
08-22 17:16:38.768 JS/loadFile:return
08-22 17:16:38.768 Controller/loadAndResume:loaded
08-22 17:16:38.770 JS/resume:call
08-22 17:16:38.770 Controller/loadAndResume:resumed
08-22 17:16:38.772 Bridge/loadFile
08-22 17:16:38.775 Native/play
08-22 17:16:38.775 Bridge/play
08-22 17:16:38.795 Native/dispatch:error
08-22 17:16:38.796 Bridge/listener:error
08-22 17:16:39.041 JS/resume:call
08-22 17:16:39.042 Native/play
08-22 17:16:39.042 Bridge/play
08-22 17:16:39.302 Native/getDuration
08-22 17:16:39.302 Bridge/getDuration
08-22 17:16:39.302 Bridge/getPlaybackState
08-22 17:16:39.754 Native/getDuration
08-22 17:16:39.754 Bridge/getDuration
08-22 17:16:39.756 Bridge/getPlaybackState
08-22 17:16:39.920 Controller/event:onFileLoaded
08-22 17:16:40.024 Native/getDuration
08-22 17:16:40.025 Bridge/getDuration
08-22 17:16:40.301 Native/getDuration
08-22 17:16:40.301 Bridge/getDuration
08-22 17:16:40.421 Native/getDuration
08-22 17:16:40.421 Bridge/getDuration
08-22 17:16:40.422 Bridge/getPlaybackState
08-22 17:16:40.423 Controller/loadAndResume:before
08-22 17:16:40.424 JS/loadFile:call
08-22 17:16:40.425 JS/loadFile:return
08-22 17:16:40.425 Controller/loadAndResume:loaded
08-22 17:16:40.426 JS/resume:call
08-22 17:16:40.427 Bridge/loadFile
08-22 17:16:40.427 Controller/loadAndResume:resumed
08-22 17:16:40.427 Native/play
08-22 17:16:40.427 Bridge/play
08-22 17:16:40.462 Native/getDuration
08-22 17:16:40.462 Bridge/getDuration
08-22 17:16:40.686 JS/resume:call
08-22 17:16:40.686 Native/play
08-22 17:16:40.686 Bridge/play
08-22 17:16:40.770 Native/getDuration
08-22 17:16:40.770 Bridge/getDuration
08-22 17:16:40.770 Bridge/getPlaybackState
08-22 17:16:41.335 Native/getDuration
08-22 17:16:41.335 Bridge/getDuration
08-22 17:16:41.335 Bridge/getPlaybackState
08-22 17:16:41.338 Native/getDuration
08-22 17:16:41.338 Bridge/getDuration
08-22 17:16:41.786 Native/getDuration
08-22 17:16:41.786 Bridge/getDuration
08-22 17:16:41.786 Bridge/getPlaybackState
08-22 17:16:42.132 Controller/event:onFileLoaded
08-22 17:16:42.169 Native/getDuration
08-22 17:16:42.169 Bridge/getDuration
08-22 17:16:42.352 Native/getDuration
08-22 17:16:42.352 Bridge/getDuration
08-22 17:16:42.352 Bridge/getPlaybackState
08-22 17:16:42.354 Native/getDuration
08-22 17:16:42.355 Bridge/getDuration
08-22 17:16:42.488 Native/getDuration
08-22 17:16:42.488 Bridge/getDuration
08-22 17:16:42.644 Native/getDuration
08-22 17:16:42.644 Bridge/getDuration
08-22 17:16:42.806 Native/getDuration
08-22 17:16:42.806 Bridge/getDuration
08-22 17:16:42.807 Bridge/getPlaybackState
08-22 17:16:42.888 Native/getDuration
08-22 17:16:42.888 Bridge/getDuration
08-22 17:16:43.078 Controller/loadAndResume:before
08-22 17:16:43.079 JS/loadFile:call
08-22 17:16:43.079 JS/loadFile:return
08-22 17:16:43.079 Bridge/loadFile
08-22 17:16:43.082 Controller/loadAndResume:loaded
08-22 17:16:43.084 JS/resume:call
08-22 17:16:43.085 Controller/loadAndResume:resumed
08-22 17:16:43.094 Native/play
08-22 17:16:43.094 Bridge/play
08-22 17:16:43.353 JS/resume:call
08-22 17:16:43.354 Native/play
08-22 17:16:43.354 Bridge/play
08-22 17:16:43.369 Native/getDuration
08-22 17:16:43.369 Bridge/getDuration
08-22 17:16:43.369 Bridge/getPlaybackState
08-22 17:16:43.371 Native/getDuration
08-22 17:16:43.371 Bridge/getDuration
08-22 17:16:43.507 Controller/loadAndResume:before
08-22 17:16:43.508 JS/loadFile:call
08-22 17:16:43.508 JS/loadFile:return
08-22 17:16:43.509 Bridge/loadFile
08-22 17:16:43.509 Controller/loadAndResume:loaded
08-22 17:16:43.511 JS/resume:call
08-22 17:16:43.512 Controller/loadAndResume:resumed
08-22 17:16:43.512 Native/play
08-22 17:16:43.512 Bridge/play
08-22 17:16:43.545 Native/dispatch:error
08-22 17:16:43.545 Bridge/listener:error
08-22 17:16:43.564 Native/getDuration
08-22 17:16:43.564 Bridge/getDuration
08-22 17:16:43.771 JS/resume:call
08-22 17:16:43.775 Native/play
08-22 17:16:43.775 Bridge/play
08-22 17:16:43.820 Native/getDuration
08-22 17:16:43.820 Bridge/getDuration
08-22 17:16:43.820 Bridge/getPlaybackState
08-22 17:16:44.385 Native/getDuration
08-22 17:16:44.385 Bridge/getDuration
08-22 17:16:44.385 Bridge/getPlaybackState
08-22 17:16:44.479 Controller/event:onFileLoaded
08-22 17:16:44.551 Native/getDuration
08-22 17:16:44.551 Bridge/getDuration
08-22 17:16:44.794 Native/getDuration
08-22 17:16:44.794 Bridge/getDuration
08-22 17:16:45.000 Native/getDuration
08-22 17:16:45.000 Bridge/getDuration
08-22 17:16:45.003 Bridge/getPlaybackState
08-22 17:16:45.024 Native/getDuration
08-22 17:16:45.025 Bridge/getDuration
08-22 17:16:45.302 Native/getDuration
08-22 17:16:45.302 Bridge/getDuration
08-22 17:16:45.481 Native/getDuration
08-22 17:16:45.481 Bridge/getDuration
08-22 17:16:45.481 Bridge/getPlaybackState
08-22 17:16:45.506 Native/getDuration
08-22 17:16:45.506 Bridge/getDuration
08-22 17:16:45.745 Native/getDuration
08-22 17:16:45.745 Bridge/getDuration
08-22 17:16:45.902 Native/getDuration
08-22 17:16:45.902 Bridge/getDuration
08-22 17:16:45.903 Bridge/getPlaybackState
08-22 17:16:45.912 Native/getDuration
08-22 17:16:45.912 Bridge/getDuration
08-22 17:16:46.105 Controller/loadAndResume:before
08-22 17:16:46.105 JS/loadFile:call
08-22 17:16:46.107 Bridge/loadFile
08-22 17:16:46.107 JS/loadFile:return
08-22 17:16:46.107 Controller/loadAndResume:loaded
08-22 17:16:46.108 JS/resume:call
08-22 17:16:46.108 Controller/loadAndResume:resumed
08-22 17:16:46.125 Native/play
08-22 17:16:46.125 Bridge/play
08-22 17:16:46.133 Native/getDuration
08-22 17:16:46.133 Bridge/getDuration
08-22 17:16:46.371 JS/resume:call
08-22 17:16:46.375 Native/play
08-22 17:16:46.376 Bridge/play
08-22 17:16:46.420 Native/getDuration
08-22 17:16:46.420 Bridge/getDuration
08-22 17:16:46.421 Bridge/getPlaybackState
08-22 17:16:46.429 Native/getDuration
08-22 17:16:46.429 Bridge/getDuration
08-22 17:16:46.870 Native/getDuration
08-22 17:16:46.870 Bridge/getDuration
08-22 17:16:46.870 Bridge/getPlaybackState
08-22 17:16:47.211 Controller/event:onFileLoaded
08-22 17:16:47.368 Native/getDuration
08-22 17:16:47.368 Bridge/getDuration
08-22 17:16:47.599 Native/getDuration
08-22 17:16:47.599 Bridge/getDuration
08-22 17:16:47.599 Bridge/getPlaybackState
08-22 17:16:47.609 Native/getDuration
08-22 17:16:47.609 Bridge/getDuration
08-22 17:16:47.811 Native/getDuration
08-22 17:16:47.811 Bridge/getDuration
08-22 17:16:47.969 Native/getDuration
08-22 17:16:47.970 Bridge/getDuration
08-22 17:16:47.970 Bridge/getPlaybackState
08-22 17:16:47.983 Native/getDuration
08-22 17:16:47.983 Bridge/getDuration
08-22 17:16:48.157 Native/getDuration
08-22 17:16:48.157 Bridge/getDuration
08-22 17:16:48.287 Controller/loadAndResume:before
08-22 17:16:48.288 JS/loadFile:call
08-22 17:16:48.290 JS/loadFile:return
08-22 17:16:48.291 Bridge/loadFile
08-22 17:16:48.291 Controller/loadAndResume:loaded
08-22 17:16:48.292 JS/resume:call
08-22 17:16:48.292 Controller/loadAndResume:resumed
08-22 17:16:48.308 Native/play
08-22 17:16:48.308 Bridge/play
08-22 17:16:48.454 Native/getDuration
08-22 17:16:48.454 Bridge/getDuration
08-22 17:16:48.454 Bridge/getPlaybackState
08-22 17:16:48.457 Native/getDuration
08-22 17:16:48.457 Bridge/getDuration
08-22 17:16:48.595 JS/resume:call
08-22 17:16:48.596 Native/play
08-22 17:16:48.596 Bridge/play
08-22 17:16:48.902 Native/getDuration
08-22 17:16:48.902 Bridge/getDuration
08-22 17:16:48.902 Bridge/getPlaybackState
08-22 17:16:49.470 Native/getDuration
08-22 17:16:49.470 Bridge/getDuration
08-22 17:16:49.470 Bridge/getPlaybackState
08-22 17:16:49.747 Native/getDuration
08-22 17:16:49.747 Bridge/getDuration
08-22 17:16:49.887 Controller/event:onFileLoaded
08-22 17:16:49.900 Native/getDuration
08-22 17:16:49.900 Bridge/getDuration
08-22 17:16:50.030 Native/getDuration
08-22 17:16:50.031 Bridge/getDuration
08-22 17:16:50.031 Bridge/getPlaybackState
08-22 17:16:50.051 Native/getDuration
08-22 17:16:50.051 Bridge/getDuration
08-22 17:16:50.284 Controller/loadAndResume:before
08-22 17:16:50.285 JS/loadFile:call
08-22 17:16:50.286 Bridge/loadFile
08-22 17:16:50.286 JS/loadFile:return
08-22 17:16:50.286 Controller/loadAndResume:loaded
08-22 17:16:50.287 JS/resume:call
08-22 17:16:50.287 Controller/loadAndResume:resumed
08-22 17:16:50.312 Native/getDuration
08-22 17:16:50.313 Native/play
08-22 17:16:50.313 Bridge/play
08-22 17:16:50.313 Bridge/getDuration
08-22 17:16:50.501 Native/getDuration
08-22 17:16:50.502 Bridge/getDuration
08-22 17:16:50.502 Bridge/getPlaybackState
08-22 17:16:50.552 JS/resume:call
08-22 17:16:50.553 Native/play
08-22 17:16:50.553 Bridge/play
08-22 17:16:50.935 Native/getDuration
08-22 17:16:50.935 Bridge/getDuration
08-22 17:16:50.935 Bridge/getPlaybackState
08-22 17:16:51.239 Native/getDuration
08-22 17:16:51.239 Bridge/getDuration
08-22 17:16:51.455 Controller/event:onFileLoaded
08-22 17:16:51.465 Native/getDuration
08-22 17:16:51.466 Bridge/getDuration
08-22 17:16:51.670 Native/getDuration
08-22 17:16:51.670 Bridge/getDuration
08-22 17:16:51.670 Bridge/getPlaybackState
08-22 17:16:51.682 Native/getDuration
08-22 17:16:51.682 Bridge/getDuration
08-22 17:16:51.897 Native/getDuration
08-22 17:16:51.897 Bridge/getDuration
08-22 17:16:52.031 Native/getDuration
08-22 17:16:52.032 Bridge/getDuration
08-22 17:16:52.032 Bridge/getPlaybackState
08-22 17:16:52.043 Native/getDuration
08-22 17:16:52.043 Bridge/getDuration
08-22 17:16:52.244 Native/getDuration
08-22 17:16:52.244 Bridge/getDuration
08-22 17:16:52.562 Native/getDuration
08-22 17:16:52.562 Bridge/getDuration
08-22 17:16:52.563 Bridge/getPlaybackState
08-22 17:16:52.580 Native/getDuration
08-22 17:16:52.580 Bridge/getDuration
08-22 17:16:52.792 Native/getDuration
08-22 17:16:52.792 Bridge/getDuration
08-22 17:16:52.975 Native/getDuration
08-22 17:16:52.975 Bridge/getDuration
08-22 17:16:52.975 Bridge/getPlaybackState
08-22 17:16:53.005 Native/getDuration
08-22 17:16:53.005 Bridge/getDuration
08-22 17:16:53.238 Native/getDuration
08-22 17:16:53.238 Bridge/getDuration
08-22 17:16:53.488 Native/getDuration
08-22 17:16:53.488 Bridge/getDuration
08-22 17:16:53.581 Native/getDuration
08-22 17:16:53.581 Bridge/getDuration
08-22 17:16:53.581 Bridge/getPlaybackState
08-22 17:16:53.589 Native/getDuration
08-22 17:16:53.589 Bridge/getDuration
08-22 17:16:53.764 Native/getDuration
08-22 17:16:53.764 Bridge/getDuration
08-22 17:16:53.985 Native/getDuration
08-22 17:16:53.985 Bridge/getDuration
08-22 17:16:53.986 Bridge/getPlaybackState
08-22 17:16:53.991 Native/getDuration
08-22 17:16:53.991 Bridge/getDuration
08-22 17:16:54.242 Native/getDuration
08-22 17:16:54.242 Bridge/getDuration
08-22 17:16:54.492 Native/getDuration
08-22 17:16:54.492 Bridge/getDuration
08-22 17:16:54.615 Native/getDuration
08-22 17:16:54.615 Bridge/getDuration
08-22 17:16:54.615 Bridge/getPlaybackState
08-22 17:16:54.630 Native/getDuration
08-22 17:16:54.630 Bridge/getDuration
08-22 17:16:54.797 Native/getDuration
08-22 17:16:54.797 Bridge/getDuration
08-22 17:16:54.994 Native/getDuration
08-22 17:16:54.995 Bridge/getDuration
08-22 17:16:55.155 Native/getDuration
08-22 17:16:55.155 Bridge/getDuration
08-22 17:16:55.155 Bridge/getPlaybackState
08-22 17:16:55.572 Native/getDuration
08-22 17:16:55.573 Bridge/getDuration
08-22 17:16:55.573 Bridge/getPlaybackState
08-22 17:16:55.580 Native/getDuration
08-22 17:16:55.580 Bridge/getDuration
08-22 17:16:55.906 Controller/loadAndResume:before
08-22 17:16:55.907 JS/loadFile:call
08-22 17:16:55.908 JS/loadFile:return
08-22 17:16:55.909 Controller/loadAndResume:loaded
08-22 17:16:55.909 Bridge/loadFile
08-22 17:16:55.910 JS/resume:call
08-22 17:16:55.911 Controller/loadAndResume:resumed
08-22 17:16:55.923 Native/play
08-22 17:16:55.923 Bridge/play
08-22 17:16:56.019 Native/getDuration
08-22 17:16:56.019 Bridge/getDuration
08-22 17:16:56.019 Bridge/getPlaybackState
08-22 17:16:56.170 JS/resume:call
08-22 17:16:56.171 Native/play
08-22 17:16:56.171 Bridge/play
08-22 17:16:56.589 Native/getDuration
08-22 17:16:56.589 Bridge/getDuration
08-22 17:16:56.590 Bridge/getPlaybackState
08-22 17:16:56.599 Native/getDuration
08-22 17:16:56.600 Bridge/getDuration
08-22 17:16:57.046 Native/getDuration
08-22 17:16:57.047 Bridge/getDuration
08-22 17:16:57.049 Bridge/getPlaybackState
08-22 17:16:57.154 Controller/event:onFileLoaded
08-22 17:16:57.460 Native/getDuration
08-22 17:16:57.460 Bridge/getDuration
08-22 17:16:57.900 Native/getDuration
08-22 17:16:57.900 Bridge/getDuration
08-22 17:16:57.900 Bridge/getPlaybackState
08-22 17:16:57.919 Native/getDuration
08-22 17:16:57.919 Bridge/getDuration
08-22 17:16:58.103 Native/getDuration
08-22 17:16:58.103 Bridge/getDuration
08-22 17:16:58.103 Bridge/getPlaybackState
08-22 17:16:58.118 Native/getDuration
08-22 17:16:58.118 Bridge/getDuration
08-22 17:16:58.298 Native/getDuration
08-22 17:16:58.298 Bridge/getDuration
08-22 17:16:58.490 Native/getDuration
08-22 17:16:58.490 Bridge/getDuration
08-22 17:16:58.619 Native/getDuration
08-22 17:16:58.619 Bridge/getDuration
08-22 17:16:58.619 Bridge/getPlaybackState
08-22 17:16:58.628 Native/getDuration
08-22 17:16:58.628 Bridge/getDuration
08-22 17:16:58.743 Controller/loadAndResume:before
08-22 17:16:58.743 JS/loadFile:call
08-22 17:16:58.745 Bridge/loadFile
08-22 17:16:58.745 JS/loadFile:return
08-22 17:16:58.746 Controller/loadAndResume:loaded
08-22 17:16:58.748 JS/resume:call
08-22 17:16:58.750 Controller/loadAndResume:resumed
08-22 17:16:58.770 Native/getDuration
08-22 17:16:58.770 Bridge/getDuration
08-22 17:16:58.771 Native/play
08-22 17:16:58.771 Bridge/play
08-22 17:16:59.035 JS/resume:call
08-22 17:16:59.036 Native/play
08-22 17:16:59.036 Bridge/play
08-22 17:16:59.085 Native/getDuration
08-22 17:16:59.085 Bridge/getDuration
08-22 17:16:59.086 Bridge/getPlaybackState
08-22 17:16:59.652 Native/getDuration
08-22 17:16:59.652 Bridge/getDuration
08-22 17:16:59.652 Bridge/getPlaybackState
08-22 17:16:59.655 Native/getDuration
08-22 17:16:59.655 Bridge/getDuration
08-22 17:16:59.886 Controller/event:onFileLoaded
08-22 17:16:59.934 Native/getDuration
08-22 17:16:59.934 Bridge/getDuration
08-22 17:17:00.103 Native/getDuration
08-22 17:17:00.103 Bridge/getDuration
08-22 17:17:00.103 Bridge/getPlaybackState
08-22 17:17:00.150 Native/getDuration
08-22 17:17:00.150 Bridge/getDuration
08-22 17:17:00.405 Native/getDuration
08-22 17:17:00.405 Bridge/getDuration
08-22 17:17:00.651 Native/getDuration
08-22 17:17:00.651 Bridge/getDuration
08-22 17:17:00.792 Native/getDuration
08-22 17:17:00.792 Bridge/getDuration
08-22 17:17:00.793 Bridge/getPlaybackState
08-22 17:17:00.812 Native/getDuration
08-22 17:17:00.812 Bridge/getDuration
08-22 17:17:00.978 Native/getDuration
08-22 17:17:00.978 Bridge/getDuration
08-22 17:17:01.198 Native/getDuration
08-22 17:17:01.198 Bridge/getDuration
08-22 17:17:01.198 Bridge/getPlaybackState
08-22 17:17:01.228 Native/getDuration
08-22 17:17:01.228 Bridge/getDuration
08-22 17:17:01.575 Native/getDuration
08-22 17:17:01.575 Bridge/getDuration
08-22 17:17:01.715 Native/getDuration
08-22 17:17:01.715 Bridge/getDuration
08-22 17:17:01.715 Bridge/getPlaybackState
08-22 17:17:01.723 Native/getDuration
08-22 17:17:01.723 Bridge/getDuration
08-22 17:17:01.920 Native/getDuration
08-22 17:17:01.920 Bridge/getDuration
08-22 17:17:02.119 Native/getDuration
08-22 17:17:02.119 Bridge/getDuration
08-22 17:17:02.119 Bridge/getPlaybackState
08-22 17:17:02.172 Native/getDuration
08-22 17:17:02.173 Bridge/getDuration
08-22 17:17:02.417 Native/getDuration
08-22 17:17:02.417 Bridge/getDuration
08-22 17:17:02.685 Native/getDuration
08-22 17:17:02.685 Bridge/getDuration
08-22 17:17:02.939 Native/getDuration
08-22 17:17:02.939 Bridge/getDuration
08-22 17:17:02.939 Bridge/getPlaybackState
08-22 17:17:02.940 Controller/loadAndResume:before
08-22 17:17:02.941 JS/loadFile:call
08-22 17:17:02.943 JS/loadFile:return
08-22 17:17:02.943 Bridge/loadFile
08-22 17:17:02.945 Controller/loadAndResume:loaded
08-22 17:17:02.945 JS/resume:call
08-22 17:17:02.946 Controller/loadAndResume:resumed
08-22 17:17:02.976 Native/play
08-22 17:17:02.976 Bridge/play
08-22 17:17:02.979 Native/getDuration
08-22 17:17:02.979 Bridge/getDuration
08-22 17:17:03.272 Native/getDuration
08-22 17:17:03.272 Bridge/getDuration
08-22 17:17:03.272 Bridge/getPlaybackState
08-22 17:17:03.274 JS/resume:call
08-22 17:17:03.281 Native/play
08-22 17:17:03.281 Bridge/play
08-22 17:17:03.703 Native/getDuration
08-22 17:17:03.703 Bridge/getDuration
08-22 17:17:03.703 Bridge/getPlaybackState
08-22 17:17:03.707 Native/getDuration
08-22 17:17:03.707 Bridge/getDuration
08-22 17:17:04.020 Controller/event:onFileLoaded
08-22 17:17:04.065 Native/getDuration
08-22 17:17:04.065 Bridge/getDuration
08-22 17:17:04.397 Native/getDuration
08-22 17:17:04.397 Bridge/getDuration
08-22 17:17:04.399 Bridge/getPlaybackState
08-22 17:17:04.414 Native/getDuration
08-22 17:17:04.414 Bridge/getDuration
08-22 17:17:04.727 Native/getDuration
08-22 17:17:04.727 Bridge/getDuration
08-22 17:17:04.728 Bridge/getPlaybackState
08-22 17:17:04.736 Native/getDuration
08-22 17:17:04.736 Bridge/getDuration
08-22 17:17:05.077 Native/getDuration
08-22 17:17:05.077 Bridge/getDuration
08-22 17:17:05.254 Native/getDuration
08-22 17:17:05.254 Bridge/getDuration
08-22 17:17:05.254 Bridge/getPlaybackState
08-22 17:17:05.282 Native/getDuration
08-22 17:17:05.282 Bridge/getDuration
08-22 17:17:05.546 Native/getDuration
08-22 17:17:05.546 Bridge/getDuration
08-22 17:17:05.745 Native/getDuration
08-22 17:17:05.745 Bridge/getDuration
08-22 17:17:05.745 Bridge/getPlaybackState
08-22 17:17:05.750 Native/getDuration
08-22 17:17:05.750 Bridge/getDuration
08-22 17:17:05.958 Native/getDuration
08-22 17:17:05.959 Bridge/getDuration
08-22 17:17:06.125 Native/getDuration
08-22 17:17:06.125 Bridge/getDuration
08-22 17:17:06.286 Native/getDuration
08-22 17:17:06.286 Bridge/getDuration
08-22 17:17:06.287 Bridge/getPlaybackState
08-22 17:17:06.311 Native/getDuration
08-22 17:17:06.311 Bridge/getDuration
08-22 17:17:06.536 Native/getDuration
08-22 17:17:06.536 Bridge/getDuration
08-22 17:17:06.757 Native/getDuration
08-22 17:17:06.757 Bridge/getDuration
08-22 17:17:06.762 Bridge/getPlaybackState
08-22 17:17:06.773 Native/getDuration
08-22 17:17:06.774 Bridge/getDuration
08-22 17:17:07.006 Native/getDuration
08-22 17:17:07.007 Bridge/getDuration
08-22 17:17:07.459 Native/getDuration
08-22 17:17:07.459 Bridge/getDuration
08-22 17:17:07.459 Bridge/getPlaybackState
08-22 17:17:07.488 Native/getDuration
08-22 17:17:07.488 Bridge/getDuration
08-22 17:17:07.728 Native/getDuration
08-22 17:17:07.728 Bridge/getDuration
08-22 17:17:08.236 Native/getDuration
08-22 17:17:08.236 Bridge/getDuration
08-22 17:17:08.236 Bridge/getPlaybackState
08-22 17:17:08.238 Native/getDuration
08-22 17:17:08.238 Bridge/getDuration
08-22 17:17:08.239 Bridge/getPlaybackState
08-22 17:17:08.253 Native/getDuration
08-22 17:17:08.253 Bridge/getDuration
08-22 17:17:08.791 Native/getDuration
08-22 17:17:08.791 Bridge/getDuration
08-22 17:17:08.791 Bridge/getPlaybackState
08-22 17:17:08.798 Native/getDuration
08-22 17:17:08.798 Bridge/getDuration
08-22 17:17:09.253 Native/getDuration
08-22 17:17:09.253 Bridge/getDuration
08-22 17:17:09.254 Bridge/getPlaybackState
08-22 17:17:09.318 Native/getDuration
08-22 17:17:09.318 Bridge/getDuration
08-22 17:17:09.570 Native/getDuration
08-22 17:17:09.570 Bridge/getDuration
08-22 17:17:09.821 Native/getDuration
08-22 17:17:09.821 Bridge/getDuration
08-22 17:17:09.822 Bridge/getPlaybackState
08-22 17:17:09.827 Native/getDuration
08-22 17:17:09.827 Bridge/getDuration
08-22 17:17:10.291 Native/getDuration
08-22 17:17:10.291 Bridge/getDuration
08-22 17:17:10.292 Bridge/getPlaybackState
08-22 17:17:10.314 Native/getDuration
08-22 17:17:10.314 Bridge/getDuration
08-22 17:17:10.547 Controller/loadAndResume:before
08-22 17:17:10.549 JS/loadFile:call
08-22 17:17:10.549 Bridge/loadFile
08-22 17:17:10.550 JS/loadFile:return
08-22 17:17:10.551 Controller/loadAndResume:loaded
08-22 17:17:10.556 JS/resume:call
08-22 17:17:10.557 Controller/loadAndResume:resumed
08-22 17:17:10.588 Native/play
08-22 17:17:10.588 Bridge/play
08-22 17:17:10.588 Native/getDuration
08-22 17:17:10.588 Bridge/getDuration
08-22 17:17:10.835 Native/getDuration
08-22 17:17:10.836 Bridge/getDuration
08-22 17:17:10.836 Bridge/getPlaybackState
08-22 17:17:10.837 JS/resume:call
08-22 17:17:10.841 Native/play
08-22 17:17:10.841 Bridge/play
08-22 17:17:10.844 Native/getDuration
08-22 17:17:10.844 Bridge/getDuration
08-22 17:17:11.287 Native/getDuration
08-22 17:17:11.287 Bridge/getDuration
08-22 17:17:11.288 Bridge/getPlaybackState
08-22 17:17:11.558 Controller/event:onFileLoaded
08-22 17:17:11.686 Native/getDuration
08-22 17:17:11.687 Bridge/getDuration
08-22 17:17:11.967 Native/getDuration
08-22 17:17:11.967 Bridge/getDuration
08-22 17:17:11.967 Bridge/getPlaybackState
08-22 17:17:11.979 Native/getDuration
08-22 17:17:11.979 Bridge/getDuration
08-22 17:17:12.187 Native/getDuration
08-22 17:17:12.187 Bridge/getDuration
08-22 17:17:12.374 Native/getDuration
08-22 17:17:12.374 Bridge/getDuration
08-22 17:17:12.375 Bridge/getPlaybackState
08-22 17:17:12.392 Native/getDuration
08-22 17:17:12.392 Bridge/getDuration
08-22 17:17:12.604 Native/getDuration
08-22 17:17:12.604 Bridge/getDuration
08-22 17:17:12.890 Native/getDuration
08-22 17:17:12.891 Bridge/getDuration
08-22 17:17:12.891 Bridge/getPlaybackState
08-22 17:17:12.902 Native/getDuration
08-22 17:17:12.903 Bridge/getDuration
08-22 17:17:13.151 Native/getDuration
08-22 17:17:13.151 Bridge/getDuration
08-22 17:17:13.388 Native/getDuration
08-22 17:17:13.388 Bridge/getDuration
08-22 17:17:13.388 Bridge/getPlaybackState
08-22 17:17:13.404 Native/getDuration
08-22 17:17:13.404 Bridge/getDuration
08-22 17:17:13.617 Native/getDuration
08-22 17:17:13.618 Bridge/getDuration
08-22 17:17:13.846 Native/getDuration
08-22 17:17:13.846 Bridge/getDuration
08-22 17:17:14.087 Native/getDuration
08-22 17:17:14.087 Bridge/getDuration
08-22 17:17:14.089 Bridge/getPlaybackState
08-22 17:17:14.105 Native/getDuration
08-22 17:17:14.105 Bridge/getDuration
08-22 17:17:14.336 Native/getDuration
08-22 17:17:14.336 Bridge/getDuration
08-22 17:17:14.336 Bridge/getPlaybackState
08-22 17:17:14.903 Native/getDuration
08-22 17:17:14.904 Bridge/getDuration
08-22 17:17:14.904 Bridge/getPlaybackState
08-22 17:17:14.907 Native/getDuration
08-22 17:17:14.908 Bridge/getDuration
08-22 17:17:15.066 Native/getDuration
08-22 17:17:15.066 Bridge/getDuration
08-22 17:17:15.251 Native/getDuration
08-22 17:17:15.251 Bridge/getDuration
08-22 17:17:15.384 Native/getDuration
08-22 17:17:15.384 Bridge/getDuration
08-22 17:17:15.384 Bridge/getPlaybackState
08-22 17:17:15.566 Native/getDuration
08-22 17:17:15.566 Bridge/getDuration
08-22 17:17:15.815 Native/getDuration
08-22 17:17:15.815 Bridge/getDuration
08-22 17:17:15.923 Native/getDuration
08-22 17:17:15.923 Bridge/getDuration
08-22 17:17:15.925 Bridge/getPlaybackState
08-22 17:17:15.950 Native/getDuration
08-22 17:17:15.950 Bridge/getDuration
08-22 17:17:16.369 Native/getDuration
08-22 17:17:16.369 Bridge/getDuration
08-22 17:17:16.370 Bridge/getPlaybackState
08-22 17:17:16.751 Native/getDuration
08-22 17:17:16.751 Bridge/getDuration
08-22 17:17:16.946 Native/getDuration
08-22 17:17:16.946 Bridge/getDuration
08-22 17:17:16.947 Bridge/getPlaybackState
08-22 17:17:16.963 Native/getDuration
08-22 17:17:16.963 Bridge/getDuration
08-22 17:17:17.328 Native/getDuration
08-22 17:17:17.328 Bridge/getDuration
08-22 17:17:17.540 Native/getDuration
08-22 17:17:17.540 Bridge/getDuration
08-22 17:17:17.540 Bridge/getPlaybackState
08-22 17:17:17.925 Native/getDuration
08-22 17:17:17.925 Bridge/getDuration
08-22 17:17:18.094 Native/getDuration
08-22 17:17:18.095 Bridge/getDuration
08-22 17:17:18.095 Bridge/getPlaybackState
08-22 17:17:18.107 Native/getDuration
08-22 17:17:18.108 Bridge/getDuration
08-22 17:17:18.297 Native/getDuration
08-22 17:17:18.297 Bridge/getDuration
08-22 17:17:18.463 Native/getDuration
08-22 17:17:18.463 Bridge/getDuration
08-22 17:17:18.463 Bridge/getPlaybackState
08-22 17:17:18.652 Native/getDuration
08-22 17:17:18.653 Bridge/getDuration
08-22 17:17:18.908 Native/getDuration
08-22 17:17:18.909 Bridge/getDuration
08-22 17:17:19.122 Native/getDuration
08-22 17:17:19.123 Bridge/getDuration
08-22 17:17:19.123 Bridge/getPlaybackState
08-22 17:17:19.137 Native/getDuration
08-22 17:17:19.137 Bridge/getDuration
08-22 17:17:19.304 Native/getDuration
08-22 17:17:19.304 Bridge/getDuration
08-22 17:17:19.534 Native/getDuration
08-22 17:17:19.534 Bridge/getDuration
08-22 17:17:19.534 Bridge/getPlaybackState
08-22 17:17:19.989 Native/getDuration
08-22 17:17:19.989 Bridge/getDuration
08-22 17:17:19.989 Bridge/getPlaybackState
08-22 17:17:19.996 Native/getDuration
08-22 17:17:19.996 Bridge/getDuration
08-22 17:17:20.165 Native/getDuration
08-22 17:17:20.165 Bridge/getDuration
08-22 17:17:20.418 Native/getDuration
08-22 17:17:20.418 Bridge/getDuration
08-22 17:17:20.526 Native/getDuration
08-22 17:17:20.526 Bridge/getDuration
08-22 17:17:20.526 Bridge/getPlaybackState
08-22 17:17:20.803 Native/getDuration
08-22 17:17:20.803 Bridge/getDuration
08-22 17:17:21.002 Native/getDuration
08-22 17:17:21.002 Bridge/getDuration
08-22 17:17:21.002 Bridge/getPlaybackState
08-22 17:17:21.005 Native/getDuration
08-22 17:17:21.005 Bridge/getDuration
08-22 17:17:21.118 Native/getDuration
08-22 17:17:21.119 Bridge/getDuration
08-22 17:17:21.470 Native/getDuration
08-22 17:17:21.470 Bridge/getDuration
08-22 17:17:21.472 Bridge/getPlaybackState
08-22 17:17:21.990 Native/getDuration
08-22 17:17:21.991 Bridge/getDuration
08-22 17:17:22.135 Native/getDuration
08-22 17:17:22.135 Bridge/getDuration
08-22 17:17:22.135 Bridge/getPlaybackState
08-22 17:17:22.146 Native/getDuration
08-22 17:17:22.146 Bridge/getDuration
08-22 17:17:22.438 Native/getDuration
08-22 17:17:22.438 Bridge/getDuration
08-22 17:17:22.594 Native/getDuration
08-22 17:17:22.594 Bridge/getDuration
08-22 17:17:22.594 Bridge/getPlaybackState
08-22 17:17:23.038 Native/getDuration
08-22 17:17:23.038 Bridge/getDuration
08-22 17:17:23.038 Bridge/getPlaybackState
08-22 17:17:23.041 Native/getDuration
08-22 17:17:23.042 Bridge/getDuration
08-22 17:17:23.346 Native/getDuration
08-22 17:17:23.346 Bridge/getDuration
08-22 17:17:23.563 Native/getDuration
08-22 17:17:23.563 Bridge/getDuration
08-22 17:17:23.563 Bridge/getPlaybackState
08-22 17:17:23.592 Native/getDuration
08-22 17:17:23.593 Bridge/getDuration
08-22 17:17:23.890 Native/getDuration
08-22 17:17:23.891 Bridge/getDuration
08-22 17:17:24.055 Native/getDuration
08-22 17:17:24.055 Bridge/getDuration
08-22 17:17:24.055 Bridge/getPlaybackState
08-22 17:17:24.068 Native/getDuration
08-22 17:17:24.068 Bridge/getDuration
08-22 17:17:24.214 Native/getDuration
08-22 17:17:24.214 Bridge/getDuration
08-22 17:17:24.502 Native/getDuration
08-22 17:17:24.502 Bridge/getDuration
08-22 17:17:24.502 Bridge/getPlaybackState
08-22 17:17:25.069 Native/getDuration
08-22 17:17:25.069 Bridge/getDuration
08-22 17:17:25.069 Bridge/getPlaybackState
08-22 17:17:25.072 Native/getDuration
08-22 17:17:25.072 Bridge/getDuration
08-22 17:17:25.200 Native/getDuration
08-22 17:17:25.201 Bridge/getDuration
08-22 17:17:25.403 Native/getDuration
08-22 17:17:25.403 Bridge/getDuration
08-22 17:17:25.519 Native/getDuration
08-22 17:17:25.519 Bridge/getDuration
08-22 17:17:25.519 Bridge/getPlaybackState
08-22 17:17:26.086 Native/getDuration
08-22 17:17:26.086 Bridge/getDuration
08-22 17:17:26.087 Bridge/getPlaybackState
08-22 17:17:26.090 Native/getDuration
08-22 17:17:26.090 Bridge/getDuration
08-22 17:17:26.331 Native/getDuration
08-22 17:17:26.331 Bridge/getDuration
08-22 17:17:26.535 Native/getDuration
08-22 17:17:26.535 Bridge/getDuration
08-22 17:17:26.535 Bridge/getPlaybackState
08-22 17:17:26.582 Native/getDuration
08-22 17:17:26.582 Bridge/getDuration
08-22 17:17:27.061 Native/getDuration
08-22 17:17:27.061 Bridge/getDuration
08-22 17:17:27.292 Native/getDuration
08-22 17:17:27.292 Bridge/getDuration
08-22 17:17:27.292 Bridge/getPlaybackState
08-22 17:17:27.304 Native/getDuration
08-22 17:17:27.304 Bridge/getDuration
08-22 17:17:27.457 Native/getDuration
08-22 17:17:27.457 Bridge/getDuration
08-22 17:17:27.621 Native/getDuration
08-22 17:17:27.621 Bridge/getDuration
08-22 17:17:27.621 Bridge/getPlaybackState
08-22 17:17:27.638 Native/getDuration
08-22 17:17:27.638 Bridge/getDuration
08-22 17:17:28.121 Native/getDuration
08-22 17:17:28.121 Bridge/getDuration
08-22 17:17:28.121 Bridge/getPlaybackState
08-22 17:17:28.125 Native/getDuration
08-22 17:17:28.126 Bridge/getDuration
08-22 17:17:28.569 Native/getDuration
08-22 17:17:28.569 Bridge/getDuration
08-22 17:17:28.570 Bridge/getPlaybackState
08-22 17:17:28.598 Native/getDuration
08-22 17:17:28.598 Bridge/getDuration
08-22 17:17:28.862 Native/getDuration
08-22 17:17:28.862 Bridge/getDuration
08-22 17:17:29.032 Native/getDuration
08-22 17:17:29.032 Bridge/getDuration
08-22 17:17:29.155 Native/getDuration
08-22 17:17:29.155 Bridge/getDuration
08-22 17:17:29.155 Bridge/getPlaybackState
08-22 17:17:29.163 Native/getDuration
08-22 17:17:29.163 Bridge/getDuration
08-22 17:17:29.586 Native/getDuration
08-22 17:17:29.586 Bridge/getDuration
08-22 17:17:29.586 Bridge/getPlaybackState
08-22 17:17:30.153 Native/getDuration
08-22 17:17:30.153 Bridge/getDuration
08-22 17:17:30.153 Bridge/getPlaybackState
08-22 17:17:30.156 Native/getDuration
08-22 17:17:30.156 Bridge/getDuration
08-22 17:17:30.333 Native/getDuration
08-22 17:17:30.333 Bridge/getDuration
08-22 17:17:30.485 Native/getDuration
08-22 17:17:30.485 Bridge/getDuration
08-22 17:17:30.646 Native/getDuration
08-22 17:17:30.646 Bridge/getDuration
08-22 17:17:30.646 Bridge/getPlaybackState
08-22 17:17:30.656 Native/getDuration
08-22 17:17:30.656 Bridge/getDuration
08-22 17:17:30.769 Native/getDuration
08-22 17:17:30.770 Bridge/getDuration
08-22 17:17:31.169 Native/getDuration
08-22 17:17:31.169 Bridge/getDuration
08-22 17:17:31.169 Bridge/getPlaybackState
08-22 17:17:31.172 Native/getDuration
08-22 17:17:31.172 Bridge/getDuration
08-22 17:17:31.619 Native/getDuration
08-22 17:17:31.619 Bridge/getDuration
08-22 17:17:31.619 Bridge/getPlaybackState
08-22 17:17:31.862 Native/getDuration
08-22 17:17:31.862 Bridge/getDuration
08-22 17:17:32.113 Native/getDuration
08-22 17:17:32.113 Bridge/getDuration
08-22 17:17:32.225 Native/getDuration
08-22 17:17:32.225 Bridge/getDuration
08-22 17:17:32.225 Bridge/getPlaybackState
08-22 17:17:32.232 Native/getDuration
08-22 17:17:32.232 Bridge/getDuration
08-22 17:17:32.636 Native/getDuration
08-22 17:17:32.636 Bridge/getDuration
08-22 17:17:32.637 Bridge/getPlaybackState
08-22 17:17:32.955 Native/getDuration
08-22 17:17:32.955 Bridge/getDuration
08-22 17:17:33.202 Native/getDuration
08-22 17:17:33.202 Bridge/getDuration
08-22 17:17:33.202 Bridge/getPlaybackState
08-22 17:17:33.205 Native/getDuration
08-22 17:17:33.205 Bridge/getDuration
08-22 17:17:33.652 Native/getDuration
08-22 17:17:33.652 Bridge/getDuration
08-22 17:17:33.652 Bridge/getPlaybackState
08-22 17:17:33.679 Native/getDuration
08-22 17:17:33.680 Bridge/getDuration
08-22 17:17:33.932 Native/getDuration
08-22 17:17:33.932 Bridge/getDuration
08-22 17:17:34.221 Native/getDuration
08-22 17:17:34.221 Bridge/getDuration
08-22 17:17:34.221 Bridge/getPlaybackState
08-22 17:17:34.224 Native/getDuration
08-22 17:17:34.224 Bridge/getDuration
08-22 17:17:34.668 Native/getDuration
08-22 17:17:34.668 Bridge/getDuration
08-22 17:17:34.669 Bridge/getPlaybackState
08-22 17:17:35.046 Native/getDuration
08-22 17:17:35.046 Bridge/getDuration
08-22 17:17:35.244 Native/getDuration
08-22 17:17:35.244 Bridge/getDuration
08-22 17:17:35.244 Bridge/getPlaybackState
08-22 17:17:35.250 Native/getDuration
08-22 17:17:35.250 Bridge/getDuration
08-22 17:17:35.381 Native/getDuration
08-22 17:17:35.381 Bridge/getDuration
08-22 17:17:35.686 Native/getDuration
08-22 17:17:35.686 Bridge/getDuration
08-22 17:17:35.686 Bridge/getPlaybackState
08-22 17:17:36.032 Native/getDuration
08-22 17:17:36.032 Bridge/getDuration
08-22 17:17:36.253 Native/getDuration
08-22 17:17:36.253 Bridge/getDuration
08-22 17:17:36.253 Bridge/getPlaybackState
08-22 17:17:36.256 Native/getDuration
08-22 17:17:36.256 Bridge/getDuration
08-22 17:17:36.375 Native/getDuration
08-22 17:17:36.375 Bridge/getDuration
08-22 17:17:36.524 Native/getDuration
08-22 17:17:36.524 Bridge/getDuration
08-22 17:17:36.703 Native/getDuration
08-22 17:17:36.703 Bridge/getDuration
08-22 17:17:36.703 Bridge/getPlaybackState
08-22 17:17:36.739 Native/getDuration
08-22 17:17:36.739 Bridge/getDuration
08-22 17:17:37.291 Native/getDuration
08-22 17:17:37.291 Bridge/getDuration
08-22 17:17:37.291 Bridge/getPlaybackState
08-22 17:17:37.337 Native/getDuration
08-22 17:17:37.338 Bridge/getDuration
08-22 17:17:37.718 Native/getDuration
08-22 17:17:37.718 Bridge/getDuration
08-22 17:17:37.719 Bridge/getPlaybackState
08-22 17:17:37.759 Native/getDuration
08-22 17:17:37.759 Bridge/getDuration
08-22 17:17:38.009 Native/getDuration
08-22 17:17:38.009 Bridge/getDuration
08-22 17:17:38.162 Native/getDuration
08-22 17:17:38.162 Bridge/getDuration
08-22 17:17:38.283 Native/getDuration
08-22 17:17:38.284 Bridge/getDuration
08-22 17:17:38.378 Native/getDuration
08-22 17:17:38.378 Bridge/getDuration
08-22 17:17:38.378 Bridge/getPlaybackState
08-22 17:17:38.415 Native/getDuration
08-22 17:17:38.415 Bridge/getDuration
08-22 17:17:38.737 Native/getDuration
08-22 17:17:38.737 Bridge/getDuration
08-22 17:17:38.737 Bridge/getPlaybackState
08-22 17:17:38.764 Native/getDuration
08-22 17:17:38.764 Bridge/getDuration
08-22 17:17:39.009 Native/getDuration
08-22 17:17:39.009 Bridge/getDuration
08-22 17:17:39.302 Native/getDuration
08-22 17:17:39.302 Bridge/getDuration
08-22 17:17:39.302 Bridge/getPlaybackState
08-22 17:17:39.305 Native/getDuration
08-22 17:17:39.305 Bridge/getDuration
08-22 17:17:39.752 Native/getDuration
08-22 17:17:39.752 Bridge/getDuration
08-22 17:17:39.752 Bridge/getPlaybackState
08-22 17:17:40.116 Native/getDuration
08-22 17:17:40.116 Bridge/getDuration
08-22 17:17:40.318 Native/getDuration
08-22 17:17:40.318 Bridge/getDuration
08-22 17:17:40.319 Bridge/getPlaybackState
08-22 17:17:40.321 Native/getDuration
08-22 17:17:40.321 Bridge/getDuration
08-22 17:17:40.481 Native/getDuration
08-22 17:17:40.481 Bridge/getDuration
08-22 17:17:40.769 Native/getDuration
08-22 17:17:40.769 Bridge/getDuration
08-22 17:17:40.770 Bridge/getPlaybackState
08-22 17:17:41.335 Native/getDuration
08-22 17:17:41.335 Bridge/getDuration
08-22 17:17:41.335 Bridge/getPlaybackState
08-22 17:17:41.339 Native/getDuration
08-22 17:17:41.339 Bridge/getDuration
08-22 17:17:41.531 Native/getDuration
08-22 17:17:41.531 Bridge/getDuration
08-22 17:17:41.725 Native/getDuration
08-22 17:17:41.725 Bridge/getDuration
08-22 17:17:41.907 Native/getDuration
08-22 17:17:41.907 Bridge/getDuration
08-22 17:17:41.907 Bridge/getPlaybackState
08-22 17:17:42.352 Native/getDuration
08-22 17:17:42.353 Bridge/getDuration
08-22 17:17:42.353 Bridge/getPlaybackState
08-22 17:17:42.355 Native/getDuration
08-22 17:17:42.355 Bridge/getDuration
08-22 17:17:42.803 Native/getDuration
08-22 17:17:42.803 Bridge/getDuration
08-22 17:17:42.803 Bridge/getPlaybackState
08-22 17:17:42.839 Native/getDuration
08-22 17:17:42.840 Bridge/getDuration
08-22 17:17:43.089 Native/getDuration
08-22 17:17:43.089 Bridge/getDuration
08-22 17:17:43.379 Native/getDuration
08-22 17:17:43.379 Bridge/getDuration
08-22 17:17:43.379 Bridge/getPlaybackState
08-22 17:17:43.382 Native/getDuration
08-22 17:17:43.383 Bridge/getDuration
08-22 17:17:43.820 Native/getDuration
08-22 17:17:43.821 Bridge/getDuration
08-22 17:17:43.821 Bridge/getPlaybackState
08-22 17:17:44.201 Native/getDuration
08-22 17:17:44.201 Bridge/getDuration
08-22 17:17:44.387 Native/getDuration
08-22 17:17:44.387 Bridge/getDuration
08-22 17:17:44.387 Bridge/getPlaybackState
08-22 17:17:44.396 Native/getDuration
08-22 17:17:44.396 Bridge/getDuration
08-22 17:17:44.539 Native/getDuration
08-22 17:17:44.540 Bridge/getDuration
08-22 17:17:44.837 Native/getDuration
08-22 17:17:44.837 Bridge/getDuration
08-22 17:17:44.837 Bridge/getPlaybackState
08-22 17:17:45.372 Native/getDuration
08-22 17:17:45.372 Bridge/getDuration
08-22 17:17:45.536 Native/getDuration
08-22 17:17:45.536 Bridge/getDuration
08-22 17:17:45.536 Bridge/getPlaybackState
08-22 17:17:45.545 Native/getDuration
08-22 17:17:45.545 Bridge/getDuration
08-22 17:17:45.687 Native/getDuration
08-22 17:17:45.687 Bridge/getDuration
08-22 17:17:45.860 Native/getDuration
08-22 17:17:45.860 Bridge/getDuration
08-22 17:17:45.860 Bridge/getPlaybackState
08-22 17:17:46.419 Native/getDuration
08-22 17:17:46.419 Bridge/getDuration
08-22 17:17:46.419 Bridge/getPlaybackState
08-22 17:17:46.422 Native/getDuration
08-22 17:17:46.422 Bridge/getDuration
08-22 17:17:46.733 Native/getDuration
08-22 17:17:46.733 Bridge/getDuration
08-22 17:17:46.875 Native/getDuration
08-22 17:17:46.875 Bridge/getDuration
08-22 17:17:46.876 Bridge/getPlaybackState
08-22 17:17:46.980 Native/getDuration
08-22 17:17:46.980 Bridge/getDuration
08-22 17:17:47.436 Native/getDuration
08-22 17:17:47.436 Bridge/getDuration
08-22 17:17:47.436 Bridge/getPlaybackState
08-22 17:17:47.440 Native/getDuration
08-22 17:17:47.441 Bridge/getDuration
08-22 17:17:47.887 Native/getDuration
08-22 17:17:47.887 Bridge/getDuration
08-22 17:17:47.888 Bridge/getPlaybackState
08-22 17:17:48.093 Native/getDuration
08-22 17:17:48.094 Bridge/getDuration
08-22 17:17:48.338 Native/getDuration
08-22 17:17:48.338 Bridge/getDuration
08-22 17:17:48.452 Native/getDuration
08-22 17:17:48.452 Bridge/getDuration
08-22 17:17:48.453 Bridge/getPlaybackState
08-22 17:17:48.455 Native/getDuration
08-22 17:17:48.455 Bridge/getDuration
08-22 17:17:48.902 Native/getDuration
08-22 17:17:48.903 Bridge/getDuration
08-22 17:17:48.903 Bridge/getPlaybackState
08-22 17:17:49.272 Native/getDuration
08-22 17:17:49.272 Bridge/getDuration
08-22 17:17:49.469 Native/getDuration
08-22 17:17:49.469 Bridge/getDuration
08-22 17:17:49.469 Bridge/getPlaybackState
08-22 17:17:49.471 Native/getDuration
08-22 17:17:49.472 Bridge/getDuration
08-22 17:17:49.598 Native/getDuration
08-22 17:17:49.598 Bridge/getDuration
08-22 17:17:49.922 Native/getDuration
08-22 17:17:49.922 Bridge/getDuration
08-22 17:17:49.922 Bridge/getPlaybackState
08-22 17:17:50.485 Native/getDuration
08-22 17:17:50.485 Bridge/getDuration
08-22 17:17:50.486 Bridge/getPlaybackState
08-22 17:17:50.488 Native/getDuration
08-22 17:17:50.488 Bridge/getDuration
08-22 17:17:50.636 Native/getDuration
08-22 17:17:50.636 Bridge/getDuration
08-22 17:17:50.895 Native/getDuration
08-22 17:17:50.896 Bridge/getDuration
08-22 17:17:51.039 Native/getDuration
08-22 17:17:51.039 Bridge/getDuration
08-22 17:17:51.039 Bridge/getPlaybackState
08-22 17:17:51.514 Native/getDuration
08-22 17:17:51.514 Bridge/getDuration
08-22 17:17:51.514 Bridge/getPlaybackState
08-22 17:17:51.551 Native/getDuration
08-22 17:17:51.551 Bridge/getDuration
08-22 17:17:51.956 Native/getDuration
08-22 17:17:51.956 Bridge/getDuration
08-22 17:17:51.956 Bridge/getPlaybackState
08-22 17:17:51.997 Native/getDuration
08-22 17:17:51.997 Bridge/getDuration
08-22 17:17:52.244 Native/getDuration
08-22 17:17:52.245 Bridge/getDuration
08-22 17:17:52.734 Native/getDuration
08-22 17:17:52.734 Bridge/getDuration
08-22 17:17:52.734 Bridge/getPlaybackState
08-22 17:17:52.765 Native/getDuration
08-22 17:17:52.766 Bridge/getDuration
08-22 17:17:53.016 Native/getDuration
08-22 17:17:53.016 Bridge/getDuration
08-22 17:17:53.018 Bridge/getPlaybackState
08-22 17:17:53.212 Native/getDuration
08-22 17:17:53.212 Bridge/getDuration
08-22 17:17:53.467 Native/getDuration
08-22 17:17:53.467 Bridge/getDuration
08-22 17:17:53.685 Native/getDuration
08-22 17:17:53.685 Bridge/getDuration
08-22 17:17:53.685 Bridge/getPlaybackState
08-22 17:17:53.694 Native/getDuration
08-22 17:17:53.694 Bridge/getDuration
08-22 17:17:53.970 Native/getDuration
08-22 17:17:53.970 Bridge/getDuration
08-22 17:17:53.971 Bridge/getPlaybackState
08-22 17:17:54.530 Native/getDuration
08-22 17:17:54.530 Bridge/getDuration
08-22 17:17:54.933 Native/getDuration
08-22 17:17:54.933 Bridge/getDuration
08-22 17:17:54.934 Bridge/getPlaybackState
08-22 17:17:54.943 Native/getDuration
08-22 17:17:54.944 Bridge/getDuration
08-22 17:17:55.240 Native/getDuration
08-22 17:17:55.240 Bridge/getDuration
08-22 17:17:55.240 Bridge/getPlaybackState
08-22 17:17:55.569 Native/getDuration
08-22 17:17:55.569 Bridge/getDuration
08-22 17:17:55.569 Bridge/getPlaybackState
08-22 17:17:55.575 Native/getDuration
08-22 17:17:55.575 Bridge/getDuration
08-22 17:17:55.952 Native/getDuration
08-22 17:17:55.952 Bridge/getDuration
08-22 17:17:56.091 Native/getDuration
08-22 17:17:56.091 Bridge/getDuration
08-22 17:17:56.092 Bridge/getPlaybackState
08-22 17:17:56.154 Native/getDuration
08-22 17:17:56.154 Bridge/getDuration
08-22 17:17:56.592 Native/getDuration
08-22 17:17:56.592 Bridge/getDuration
08-22 17:17:56.593 Bridge/getPlaybackState
08-22 17:17:56.596 Native/getDuration
08-22 17:17:56.596 Bridge/getDuration
08-22 17:17:57.076 Native/getDuration
08-22 17:17:57.077 Bridge/getDuration
08-22 17:17:57.077 Bridge/getPlaybackState
08-22 17:17:57.287 Native/getDuration
08-22 17:17:57.287 Bridge/getDuration
08-22 17:17:58.163 Native/getDuration
08-22 17:17:58.165 Bridge/getDuration
08-22 17:17:58.167 Bridge/getPlaybackState
08-22 17:17:58.168 Native/getDuration
08-22 17:17:58.168 Bridge/getDuration
08-22 17:17:58.170 Bridge/getPlaybackState
08-22 17:17:58.195 Native/getDuration
08-22 17:17:58.195 Bridge/getDuration
08-22 17:17:59.044 Native/getDuration
08-22 17:17:59.044 Bridge/getDuration
08-22 17:17:59.045 Bridge/getPlaybackState
08-22 17:17:59.087 Native/getDuration
08-22 17:17:59.087 Bridge/getDuration
08-22 17:17:59.087 Bridge/getPlaybackState
08-22 17:17:59.126 Native/getDuration
08-22 17:17:59.127 Bridge/getDuration
