src/screens/AudioPlayer/AudioPlayerScreen.tsx(6,35): error TS2344: Type '"AudioPlayer"' does not satisfy the constraint 'keyof RootStackParamList'.
src/screens/AudioPlayer/hooks/useAudioPlayerScreen.ts(61,35): error TS2344: Type '"AudioPlayer"' does not satisfy the constraint 'keyof RootStackParamList'.
src/screens/AudioPlayer/hooks/useAudioPlayerScreen.ts(73,31): error TS2339: Property 'fileTitle' does not exist on type 'Readonly<unknown>'.
src/screens/AudioPlayer/hooks/useAudioPlayerScreen.ts(74,33): error TS2339: Property 'fileUri' does not exist on type 'Readonly<unknown>'.
src/screens/AudioPlayer/hooks/useAudioPlayerScreen.ts(76,36): error TS2339: Property 'artworkUri' does not exist on type 'Readonly<unknown>'.
src/screens/AudioPlayer/hooks/useAudioPlayerScreen.ts(77,37): error TS2339: Property 'source' does not exist on type 'Readonly<unknown>'.
src/screens/AudioPlayer/hooks/useAudioPlayerScreen.ts(78,35): error TS2339: Property 'type' does not exist on type 'Readonly<unknown>'.
src/screens/AudioPlayer/hooks/useAudioPlayerScreen.ts(79,40): error TS2339: Property 'mediaType' does not exist on type 'Readonly<unknown>'.
src/screens/AudioPlayer/hooks/useAudioPlayerScreen.ts(80,39): error TS2339: Property 'provider' does not exist on type 'Readonly<unknown>'.
src/screens/AudioPlayer/hooks/useAudioPlayerScreen.ts(81,39): error TS2339: Property 'folderId' does not exist on type 'Readonly<unknown>'.
src/screens/AudioPlayer/hooks/useAudioPlayerScreen.ts(89,39): error TS2339: Property 'startPosition' does not exist on type 'Readonly<unknown>'.
src/screens/AudioPlayer/hooks/useAudioPlayerScreen.ts(92,37): error TS2339: Property 'chapterList' does not exist on type 'Readonly<unknown>'.
src/screens/AudioPlayer/hooks/useAudioPlayerScreen.ts(93,43): error TS2339: Property 'chapterIndex' does not exist on type 'Readonly<unknown>'.
src/screens/FolderBrowser/FolderBrowserScreen.tsx(186,9): error TS2345: Argument of type '["AudioPlayer" | "VideoPlayer", { source: MediaSource; type: MediaKind; mediaType: MediaLane; provider?: string | undefined; folderId?: string | undefined; fileUri: string; fileTitle: string; }]' is not assignable to parameter of type '[screen: "Settings", params: NavigatorScreenParams<SettingsTabParamList>, options?: { merge?: boolean | undefined; pop?: boolean | undefined; } | undefined] | ... 38 more ... | [screen: ...]'.
  Type '["AudioPlayer" | "VideoPlayer", { source: MediaSource; type: MediaKind; mediaType: MediaLane; provider?: string | undefined; folderId?: string | undefined; fileUri: string; fileTitle: string; }]' is not assignable to type '[screen: "NowPlaying", params?: { fileUri?: string | undefined; fileTitle?: string | undefined; } | undefined, options?: { merge?: boolean | undefined; pop?: boolean | undefined; } | undefined]'.
    Type at position 0 in source is not compatible with type at position 0 in target.
      Type '"AudioPlayer" | "VideoPlayer"' is not assignable to type '"NowPlaying"'.
        Type '"AudioPlayer"' is not assignable to type '"NowPlaying"'.
src/screens/Library/AlbumDetailScreen.tsx(94,27): error TS2345: Argument of type '["AudioPlayer", { fileUri: string; fileTitle: string; artworkUri: string | undefined; source: "api"; provider: string; }]' is not assignable to parameter of type '[screen: "Settings", params: NavigatorScreenParams<SettingsTabParamList>, options?: { merge?: boolean | undefined; pop?: boolean | undefined; } | undefined] | ... 38 more ... | [screen: ...]'.
  Type '["AudioPlayer", { fileUri: string; fileTitle: string; artworkUri: string | undefined; source: "api"; provider: string; }]' is not assignable to type '[screen: "Downloads", params?: undefined, options?: { merge?: boolean | undefined; pop?: boolean | undefined; } | undefined]'.
    Type at position 0 in source is not compatible with type at position 0 in target.
      Type '"AudioPlayer"' is not assignable to type '"Downloads"'.
src/screens/Library/ArtistDetailScreen.tsx(164,27): error TS2345: Argument of type '["AudioPlayer", { fileUri: string; fileTitle: string; artworkUri: string | undefined; source: "api"; provider: string; }]' is not assignable to parameter of type '[screen: "Settings", params: NavigatorScreenParams<SettingsTabParamList>, options?: { merge?: boolean | undefined; pop?: boolean | undefined; } | undefined] | ... 38 more ... | [screen: ...]'.
  Type '["AudioPlayer", { fileUri: string; fileTitle: string; artworkUri: string | undefined; source: "api"; provider: string; }]' is not assignable to type '[screen: "Downloads", params?: undefined, options?: { merge?: boolean | undefined; pop?: boolean | undefined; } | undefined]'.
    Type at position 0 in source is not compatible with type at position 0 in target.
      Type '"AudioPlayer"' is not assignable to type '"Downloads"'.
src/screens/Library/hooks/useLibraryScreen.ts(187,27): error TS2345: Argument of type '["AudioPlayer" | "VideoPlayer", { source: MediaSource; type: MediaKind; mediaType: MediaLane; provider?: string | undefined; folderId?: string | undefined; fileUri: string; fileTitle: string; }]' is not assignable to parameter of type '[screen: "Settings", params: NavigatorScreenParams<SettingsTabParamList>, options?: { merge?: boolean | undefined; pop?: boolean | undefined; } | undefined] | ... 40 more ... | [screen: ...]'.
  Type '["AudioPlayer" | "VideoPlayer", { source: MediaSource; type: MediaKind; mediaType: MediaLane; provider?: string | undefined; folderId?: string | undefined; fileUri: string; fileTitle: string; }]' is not assignable to type '[screen: "NowPlaying", params?: { fileUri?: string | undefined; fileTitle?: string | undefined; } | undefined, options?: { merge?: boolean | undefined; pop?: boolean | undefined; } | undefined]'.
    Type at position 0 in source is not compatible with type at position 0 in target.
      Type '"AudioPlayer" | "VideoPlayer"' is not assignable to type '"NowPlaying"'.
        Type '"AudioPlayer"' is not assignable to type '"NowPlaying"'.
src/screens/LiveTVScreen/LiveTVScreen.tsx(416,27): error TS2345: Argument of type '["VideoPlayer", { fileUri: string; fileTitle: string; source: "api"; provider: string; }]' is not assignable to parameter of type '[screen: "Settings", params: NavigatorScreenParams<SettingsTabParamList>, options?: { merge?: boolean | undefined; pop?: boolean | undefined; } | undefined] | ... 38 more ... | [screen: ...]'.
  Type '["VideoPlayer", { fileUri: string; fileTitle: string; source: "api"; provider: string; }]' is not assignable to type '[screen: "Downloads", params?: undefined, options?: { merge?: boolean | undefined; pop?: boolean | undefined; } | undefined]'.
    Type at position 0 in source is not compatible with type at position 0 in target.
      Type '"VideoPlayer"' is not assignable to type '"Downloads"'.
src/screens/LiveTVScreenNew/components/LiveTVContent.tsx(179,27): error TS2345: Argument of type '["VideoPlayer", { fileUri: string; fileTitle: string; source: "api"; provider: string; }]' is not assignable to parameter of type '[screen: "Settings", params: NavigatorScreenParams<SettingsTabParamList>, options?: { merge?: boolean | undefined; pop?: boolean | undefined; } | undefined] | ... 38 more ... | [screen: ...]'.
  Type '["VideoPlayer", { fileUri: string; fileTitle: string; source: "api"; provider: string; }]' is not assignable to type '[screen: "Downloads", params?: undefined, options?: { merge?: boolean | undefined; pop?: boolean | undefined; } | undefined]'.
    Type at position 0 in source is not compatible with type at position 0 in target.
      Type '"VideoPlayer"' is not assignable to type '"Downloads"'.
src/screens/LiveTVScreenNew/LiveTVFavoritesScreen.tsx(62,27): error TS2345: Argument of type '["VideoPlayer", { fileUri: string; fileTitle: string; source: "api"; type: string; provider: string; }]' is not assignable to parameter of type '[screen: "Settings", params: NavigatorScreenParams<SettingsTabParamList>, options?: { merge?: boolean | undefined; pop?: boolean | undefined; } | undefined] | ... 38 more ... | [screen: ...]'.
  Type '["VideoPlayer", { fileUri: string; fileTitle: string; source: "api"; type: string; provider: string; }]' is not assignable to type '[screen: "Downloads", params?: undefined, options?: { merge?: boolean | undefined; pop?: boolean | undefined; } | undefined]'.
    Type at position 0 in source is not compatible with type at position 0 in target.
      Type '"VideoPlayer"' is not assignable to type '"Downloads"'.
src/screens/MovieDetailScreen/MovieDetailScreen.tsx(363,33): error TS2345: Argument of type '["VideoPlayer", { fileUri: string; fileTitle: string; startPosition: number; }]' is not assignable to parameter of type '[screen: "Settings", params: NavigatorScreenParams<SettingsTabParamList>, options?: { merge?: boolean | undefined; pop?: boolean | undefined; } | undefined] | ... 38 more ... | [screen: ...]'.
  Type '["VideoPlayer", { fileUri: string; fileTitle: string; startPosition: number; }]' is not assignable to type '[screen: "Downloads", params?: undefined, options?: { merge?: boolean | undefined; pop?: boolean | undefined; } | undefined]'.
    Type at position 0 in source is not compatible with type at position 0 in target.
      Type '"VideoPlayer"' is not assignable to type '"Downloads"'.
src/screens/MoviesScreen/components/MoviesDataProvider.tsx(89,18): error TS2345: Argument of type '"VideoPlayer"' is not assignable to parameter of type 'keyof RootStackParamList'.
src/screens/MusicScreen/components/MusicDataProvider.tsx(45,14): error TS2345: Argument of type '"AudioPlayer"' is not assignable to parameter of type 'keyof RootStackParamList'.
src/screens/PlaylistDetail/PlaylistDetailScreen.tsx(162,25): error TS2345: Argument of type '["AudioPlayer" | "VideoPlayer", { artworkUri?: string | undefined; fileUri: string; fileTitle: string; source: MediaSource; }]' is not assignable to parameter of type '[screen: "Settings", params: NavigatorScreenParams<SettingsTabParamList>, options?: { merge?: boolean | undefined; pop?: boolean | undefined; } | undefined] | ... 38 more ... | [screen: ...]'.
  Type '["AudioPlayer" | "VideoPlayer", { artworkUri?: string | undefined; fileUri: string; fileTitle: string; source: MediaSource; }]' is not assignable to type '[screen: "Downloads", params?: undefined, options?: { merge?: boolean | undefined; pop?: boolean | undefined; } | undefined]'.
    Type at position 0 in source is not compatible with type at position 0 in target.
      Type '"AudioPlayer" | "VideoPlayer"' is not assignable to type '"Downloads"'.
        Type '"AudioPlayer"' is not assignable to type '"Downloads"'.
src/screens/PlaylistDetail/PlaylistDetailScreen.tsx(366,27): error TS2345: Argument of type '["AudioPlayer" | "VideoPlayer", { artworkUri?: string | undefined; source?: MediaSource | undefined; fileUri: string; fileTitle: string; }]' is not assignable to parameter of type '[screen: "Settings", params: NavigatorScreenParams<SettingsTabParamList>, options?: { merge?: boolean | undefined; pop?: boolean | undefined; } | undefined] | ... 38 more ... | [screen: ...]'.
  Type '["AudioPlayer" | "VideoPlayer", { artworkUri?: string | undefined; source?: MediaSource | undefined; fileUri: string; fileTitle: string; }]' is not assignable to type '[screen: "NowPlaying", params?: { fileUri?: string | undefined; fileTitle?: string | undefined; } | undefined, options?: { merge?: boolean | undefined; pop?: boolean | undefined; } | undefined]'.
    Type at position 0 in source is not compatible with type at position 0 in target.
      Type '"AudioPlayer" | "VideoPlayer"' is not assignable to type '"NowPlaying"'.
        Type '"AudioPlayer"' is not assignable to type '"NowPlaying"'.
src/screens/Profile/ProfileScreen.tsx(144,27): error TS2345: Argument of type '["AudioPlayer" | "VideoPlayer", { source: MediaSource; type: MediaKind; mediaType: MediaLane; provider?: string | undefined; folderId?: string | undefined; fileUri: string; fileTitle: string; }]' is not assignable to parameter of type '[screen: "Settings", params: NavigatorScreenParams<SettingsTabParamList>, options?: { merge?: boolean | undefined; pop?: boolean | undefined; } | undefined] | ... 38 more ... | [screen: ...]'.
  Type '["AudioPlayer" | "VideoPlayer", { source: MediaSource; type: MediaKind; mediaType: MediaLane; provider?: string | undefined; folderId?: string | undefined; fileUri: string; fileTitle: string; }]' is not assignable to type '[screen: "NowPlaying", params?: { fileUri?: string | undefined; fileTitle?: string | undefined; } | undefined, options?: { merge?: boolean | undefined; pop?: boolean | undefined; } | undefined]'.
    Type at position 0 in source is not compatible with type at position 0 in target.
      Type '"AudioPlayer" | "VideoPlayer"' is not assignable to type '"NowPlaying"'.
        Type '"AudioPlayer"' is not assignable to type '"NowPlaying"'.
src/screens/QueueScreen/useQueueScreen.ts(132,29): error TS2345: Argument of type '["AudioPlayer" | "VideoPlayer", { fileUri: string; fileTitle: string; source: MediaSource; type: MediaKind; mediaType: MediaLane; provider: string | undefined; folderId: string | undefined; }]' is not assignable to parameter of type '[screen: "Settings", params: NavigatorScreenParams<SettingsTabParamList>, options?: { merge?: boolean | undefined; pop?: boolean | undefined; } | undefined] | ... 38 more ... | [screen: ...]'.
  Type '["AudioPlayer" | "VideoPlayer", { fileUri: string; fileTitle: string; source: MediaSource; type: MediaKind; mediaType: MediaLane; provider: string | undefined; folderId: string | undefined; }]' is not assignable to type '[screen: "Downloads", params?: undefined, options?: { merge?: boolean | undefined; pop?: boolean | undefined; } | undefined]'.
    Type at position 0 in source is not compatible with type at position 0 in target.
      Type '"AudioPlayer" | "VideoPlayer"' is not assignable to type '"Downloads"'.
        Type '"AudioPlayer"' is not assignable to type '"Downloads"'.
src/screens/RadioScreenNew/components/RadioContent.tsx(178,27): error TS2345: Argument of type '["AudioPlayer", { fileUri: string; fileTitle: string; artworkUri: string | undefined; source: "api"; provider: string; }]' is not assignable to parameter of type '[screen: "Settings", params: NavigatorScreenParams<SettingsTabParamList>, options?: { merge?: boolean | undefined; pop?: boolean | undefined; } | undefined] | ... 38 more ... | [screen: ...]'.
  Type '["AudioPlayer", { fileUri: string; fileTitle: string; artworkUri: string | undefined; source: "api"; provider: string; }]' is not assignable to type '[screen: "Downloads", params?: undefined, options?: { merge?: boolean | undefined; pop?: boolean | undefined; } | undefined]'.
    Type at position 0 in source is not compatible with type at position 0 in target.
      Type '"AudioPlayer"' is not assignable to type '"Downloads"'.
src/screens/RadioScreenNew/RadioFavoritesScreen.tsx(53,27): error TS2345: Argument of type '["AudioPlayer", { fileUri: string; fileTitle: string; artworkUri: string | undefined; source: "api"; provider: string; }]' is not assignable to parameter of type '[screen: "Settings", params: NavigatorScreenParams<SettingsTabParamList>, options?: { merge?: boolean | undefined; pop?: boolean | undefined; } | undefined] | ... 38 more ... | [screen: ...]'.
  Type '["AudioPlayer", { fileUri: string; fileTitle: string; artworkUri: string | undefined; source: "api"; provider: string; }]' is not assignable to type '[screen: "Downloads", params?: undefined, options?: { merge?: boolean | undefined; pop?: boolean | undefined; } | undefined]'.
    Type at position 0 in source is not compatible with type at position 0 in target.
      Type '"AudioPlayer"' is not assignable to type '"Downloads"'.
src/screens/ShowDetailScreen/ShowDetailScreen.tsx(87,27): error TS2345: Argument of type '["VideoPlayer", { fileUri: string; fileTitle: string; source: "local"; }]' is not assignable to parameter of type '[screen: "Settings", params: NavigatorScreenParams<SettingsTabParamList>, options?: { merge?: boolean | undefined; pop?: boolean | undefined; } | undefined] | ... 38 more ... | [screen: ...]'.
  Type '["VideoPlayer", { fileUri: string; fileTitle: string; source: "local"; }]' is not assignable to type '[screen: "Downloads", params?: undefined, options?: { merge?: boolean | undefined; pop?: boolean | undefined; } | undefined]'.
    Type at position 0 in source is not compatible with type at position 0 in target.
      Type '"VideoPlayer"' is not assignable to type '"Downloads"'.
src/screens/Song/useSongScreen.ts(127,27): error TS2345: Argument of type '["AudioPlayer", { fileUri: string; fileTitle: string; }]' is not assignable to parameter of type '[screen: "Settings", params: NavigatorScreenParams<SettingsTabParamList>, options?: { merge?: boolean | undefined; pop?: boolean | undefined; } | undefined] | ... 38 more ... | [screen: ...]'.
  Type '["AudioPlayer", { fileUri: string; fileTitle: string; }]' is not assignable to type '[screen: "NowPlaying", params?: { fileUri?: string | undefined; fileTitle?: string | undefined; } | undefined, options?: { merge?: boolean | undefined; pop?: boolean | undefined; } | undefined]'.
    Type at position 0 in source is not compatible with type at position 0 in target.
      Type '"AudioPlayer"' is not assignable to type '"NowPlaying"'.
src/screens/Song/useSongScreen.ts(176,25): error TS2345: Argument of type '["AudioPlayer", { fileUri: string; fileTitle: string; }]' is not assignable to parameter of type '[screen: "Settings", params: NavigatorScreenParams<SettingsTabParamList>, options?: { merge?: boolean | undefined; pop?: boolean | undefined; } | undefined] | ... 38 more ... | [screen: ...]'.
  Type '["AudioPlayer", { fileUri: string; fileTitle: string; }]' is not assignable to type '[screen: "NowPlaying", params?: { fileUri?: string | undefined; fileTitle?: string | undefined; } | undefined, options?: { merge?: boolean | undefined; pop?: boolean | undefined; } | undefined]'.
    Type at position 0 in source is not compatible with type at position 0 in target.
      Type '"AudioPlayer"' is not assignable to type '"NowPlaying"'.
src/screens/Song/useSongScreen.ts(216,25): error TS2345: Argument of type '["AudioPlayer", { fileUri: string; fileTitle: string; }]' is not assignable to parameter of type '[screen: "Settings", params: NavigatorScreenParams<SettingsTabParamList>, options?: { merge?: boolean | undefined; pop?: boolean | undefined; } | undefined] | ... 38 more ... | [screen: ...]'.
  Type '["AudioPlayer", { fileUri: string; fileTitle: string; }]' is not assignable to type '[screen: "NowPlaying", params?: { fileUri?: string | undefined; fileTitle?: string | undefined; } | undefined, options?: { merge?: boolean | undefined; pop?: boolean | undefined; } | undefined]'.
    Type at position 0 in source is not compatible with type at position 0 in target.
      Type '"AudioPlayer"' is not assignable to type '"NowPlaying"'.
src/screens/Stats/StatsScreen.tsx(189,47): error TS2345: Argument of type '["AudioPlayer", { fileUri: string; fileTitle: string; }]' is not assignable to parameter of type '[screen: "Settings", params: NavigatorScreenParams<SettingsTabParamList>, options?: { merge?: boolean | undefined; pop?: boolean | undefined; } | undefined] | ... 38 more ... | [screen: ...]'.
  Type '["AudioPlayer", { fileUri: string; fileTitle: string; }]' is not assignable to type '[screen: "NowPlaying", params?: { fileUri?: string | undefined; fileTitle?: string | undefined; } | undefined, options?: { merge?: boolean | undefined; pop?: boolean | undefined; } | undefined]'.
    Type at position 0 in source is not compatible with type at position 0 in target.
      Type '"AudioPlayer"' is not assignable to type '"NowPlaying"'.
src/screens/Stats/StatsScreen.tsx(194,47): error TS2345: Argument of type '["VideoPlayer", { fileUri: string; fileTitle: string; }]' is not assignable to parameter of type '[screen: "Settings", params: NavigatorScreenParams<SettingsTabParamList>, options?: { merge?: boolean | undefined; pop?: boolean | undefined; } | undefined] | ... 38 more ... | [screen: ...]'.
  Type '["VideoPlayer", { fileUri: string; fileTitle: string; }]' is not assignable to type '[screen: "NowPlaying", params?: { fileUri?: string | undefined; fileTitle?: string | undefined; } | undefined, options?: { merge?: boolean | undefined; pop?: boolean | undefined; } | undefined]'.
    Type at position 0 in source is not compatible with type at position 0 in target.
      Type '"VideoPlayer"' is not assignable to type '"NowPlaying"'.
src/screens/VideoPlayer/hooks/useVideoPlayerScreen.ts(87,36): error TS2344: Type '"VideoPlayer"' does not satisfy the constraint 'keyof RootStackParamList'.
src/screens/VideoPlayer/hooks/useVideoPlayerScreen.ts(88,31): error TS2344: Type '"VideoPlayer"' does not satisfy the constraint 'keyof RootStackParamList'.
src/screens/VideoPlayer/hooks/useVideoPlayerScreen.ts(97,31): error TS2339: Property 'fileTitle' does not exist on type 'Readonly<unknown>'.
src/screens/VideoPlayer/hooks/useVideoPlayerScreen.ts(98,33): error TS2339: Property 'fileUri' does not exist on type 'Readonly<unknown>'.
src/screens/VideoPlayer/hooks/useVideoPlayerScreen.ts(99,48): error TS2339: Property 'startPosition' does not exist on type 'Readonly<unknown>'.
src/screens/VideoPlayer/hooks/useVideoPlayerScreen.ts(100,37): error TS2339: Property 'source' does not exist on type 'Readonly<unknown>'.
src/screens/VideoPlayer/hooks/useVideoPlayerScreen.ts(101,35): error TS2339: Property 'type' does not exist on type 'Readonly<unknown>'.
src/screens/VideoPlayer/hooks/useVideoPlayerScreen.ts(102,40): error TS2339: Property 'mediaType' does not exist on type 'Readonly<unknown>'.
src/screens/VideoPlayer/hooks/useVideoPlayerScreen.ts(103,39): error TS2339: Property 'provider' does not exist on type 'Readonly<unknown>'.
src/screens/VideoPlayer/hooks/useVideoPlayerScreen.ts(104,39): error TS2339: Property 'folderId' does not exist on type 'Readonly<unknown>'.
src/screens/VideoPlayer/hooks/useVideoPlayerScreen.ts(105,38): error TS2339: Property 'initialError' does not exist on type 'Readonly<unknown>'.
src/screens/VideoPlayer/hooks/useVideoPlayerScreen.ts(107,38): error TS2339: Property 'liveChannels' does not exist on type 'Readonly<unknown>'.
src/screens/VideoPlayer/hooks/useVideoPlayerScreen.ts(108,42): error TS2339: Property 'liveChannelIndex' does not exist on type 'Readonly<unknown>'.
src/screens/VideoPlayer/hooks/useVideoPlayerScreen.ts(117,26): error TS2345: Argument of type '["VideoPlayer", { fileUri: any; fileTitle: any; source: "api"; type: string; mediaType: string; provider: string; liveChannels: any; liveChannelIndex: number; }]' is not assignable to parameter of type '[screen: "Settings", params: NavigatorScreenParams<SettingsTabParamList>] | [screen: "Search", params?: undefined] | [screen: "Splash", params?: undefined] | [screen: "Login", params?: undefined] | ... 35 more ... | [screen: ...]'.
  Type '["VideoPlayer", { fileUri: any; fileTitle: any; source: "api"; type: string; mediaType: string; provider: string; liveChannels: any; liveChannelIndex: number; }]' is not assignable to type '[screen: "Downloads", params?: undefined]'.
    Type at position 0 in source is not compatible with type at position 0 in target.
      Type '"VideoPlayer"' is not assignable to type '"Downloads"'.
src/screens/VideoPlayer/VideoPlayerScreen.tsx(19,35): error TS2344: Type '"VideoPlayer"' does not satisfy the constraint 'keyof RootStackParamList'.
